Archive member included to satisfy reference by file (symbol)

app/libapp.a(shmem.c.obj)     (--whole-archive)
app/libapp.a(main.c.obj)      (--whole-archive)
app/libapp.a(critical_section.c.obj)
                              (--whole-archive)
zephyr/libzephyr.a(heap.c.obj)
                              (--whole-archive)
zephyr/libzephyr.a(cbprintf_packaged.c.obj)
                              (--whole-archive)
zephyr/libzephyr.a(printk.c.obj)
                              (--whole-archive)
zephyr/libzephyr.a(sem.c.obj)
                              (--whole-archive)
zephyr/libzephyr.a(thread_entry.c.obj)
                              (--whole-archive)
zephyr/libzephyr.a(fdtable.c.obj)
                              (--whole-archive)
zephyr/libzephyr.a(cbprintf_complete.c.obj)
                              (--whole-archive)
zephyr/libzephyr.a(assert.c.obj)
                              (--whole-archive)
zephyr/libzephyr.a(mpsc_pbuf.c.obj)
                              (--whole-archive)
zephyr/libzephyr.a(dec.c.obj)
                              (--whole-archive)
zephyr/libzephyr.a(hex.c.obj)
                              (--whole-archive)
zephyr/libzephyr.a(rb.c.obj)  (--whole-archive)
zephyr/libzephyr.a(timeutil.c.obj)
                              (--whole-archive)
zephyr/libzephyr.a(bitarray.c.obj)
                              (--whole-archive)
zephyr/libzephyr.a(onoff.c.obj)
                              (--whole-archive)
zephyr/libzephyr.a(notify.c.obj)
                              (--whole-archive)
zephyr/libzephyr.a(configs.c.obj)
                              (--whole-archive)
zephyr/libzephyr.a(log_core.c.obj)
                              (--whole-archive)
zephyr/libzephyr.a(log_mgmt.c.obj)
                              (--whole-archive)
zephyr/libzephyr.a(log_cache.c.obj)
                              (--whole-archive)
zephyr/libzephyr.a(log_msg.c.obj)
                              (--whole-archive)
zephyr/libzephyr.a(log_output.c.obj)
                              (--whole-archive)
zephyr/libzephyr.a(log_backend_rtt.c.obj)
                              (--whole-archive)
zephyr/libzephyr.a(mem_attr.c.obj)
                              (--whole-archive)
zephyr/libzephyr.a(tracing_none.c.obj)
                              (--whole-archive)
zephyr/libzephyr.a(addr_utils.c.obj)
                              (--whole-archive)
zephyr/libzephyr.a(sntp.c.obj)
                              (--whole-archive)
zephyr/libzephyr.a(sntp_simple.c.obj)
                              (--whole-archive)
zephyr/libzephyr.a(banner.c.obj)
                              (--whole-archive)
zephyr/libzephyr.a(flash_map_partition_manager.c.obj)
                              (--whole-archive)
zephyr/arch/common/libarch__common.a(sw_isr_common.c.obj)
                              (--whole-archive)
zephyr/arch/arch/arm/core/libarch__arm__core.a(fatal.c.obj)
                              (--whole-archive)
zephyr/arch/arch/arm/core/libarch__arm__core.a(nmi.c.obj)
                              (--whole-archive)
zephyr/arch/arch/arm/core/libarch__arm__core.a(nmi_on_reset.S.obj)
                              (--whole-archive)
zephyr/arch/arch/arm/core/libarch__arm__core.a(tls.c.obj)
                              (--whole-archive)
zephyr/arch/arch/arm/core/cortex_m/libarch__arm__core__cortex_m.a(exc_exit.c.obj)
                              (--whole-archive)
zephyr/arch/arch/arm/core/cortex_m/libarch__arm__core__cortex_m.a(fault.c.obj)
                              (--whole-archive)
zephyr/arch/arch/arm/core/cortex_m/libarch__arm__core__cortex_m.a(fault_s.S.obj)
                              (--whole-archive)
zephyr/arch/arch/arm/core/cortex_m/libarch__arm__core__cortex_m.a(fpu.c.obj)
                              (--whole-archive)
zephyr/arch/arch/arm/core/cortex_m/libarch__arm__core__cortex_m.a(reset.S.obj)
                              (--whole-archive)
zephyr/arch/arch/arm/core/cortex_m/libarch__arm__core__cortex_m.a(scb.c.obj)
                              (--whole-archive)
zephyr/arch/arch/arm/core/cortex_m/libarch__arm__core__cortex_m.a(thread_abort.c.obj)
                              (--whole-archive)
zephyr/arch/arch/arm/core/cortex_m/libarch__arm__core__cortex_m.a(vector_table.S.obj)
                              (--whole-archive)
zephyr/arch/arch/arm/core/cortex_m/libarch__arm__core__cortex_m.a(swap.c.obj)
                              (--whole-archive)
zephyr/arch/arch/arm/core/cortex_m/libarch__arm__core__cortex_m.a(swap_helper.S.obj)
                              (--whole-archive)
zephyr/arch/arch/arm/core/cortex_m/libarch__arm__core__cortex_m.a(irq_manage.c.obj)
                              (--whole-archive)
zephyr/arch/arch/arm/core/cortex_m/libarch__arm__core__cortex_m.a(prep_c.c.obj)
                              (--whole-archive)
zephyr/arch/arch/arm/core/cortex_m/libarch__arm__core__cortex_m.a(thread.c.obj)
                              (--whole-archive)
[...]
Memory Configuration

Name             Origin             Length             Attributes
FLASH            0x0000000000008000 0x00000000000f8000 xr
RAM              0x000000002000c568 0x0000000000033a98 xw
IDT_LIST         0x00000000ffff7fff 0x0000000000008000 xw
*default*        0x0000000000000000 0xffffffffffffffff

Linker script and memory map

                0x0000000000017924                vfprintf = __d_vfprintf
                0x00000000000182cc                vfscanf = __d_vfscanf
LOAD zephyr/CMakeFiles/zephyr_pre0.dir/misc/empty_file.c.obj
LOAD zephyr/CMakeFiles/offsets.dir/./arch/arm/core/offsets/offsets.c.obj
LOAD tfm/api_ns/interface/lib/s_veneers.o
LOAD app/libapp.a
LOAD zephyr/libzephyr.a
LOAD zephyr/arch/common/libarch__common.a
LOAD zephyr/arch/arch/arm/core/libarch__arm__core.a
LOAD zephyr/arch/arch/arm/core/cortex_m/libarch__arm__core__cortex_m.a
LOAD zephyr/arch/arch/arm/core/cortex_m/cmse/libarch__arm__core__cortex_m__cmse.a
LOAD zephyr/arch/arch/arm/core/mpu/libarch__arm__core__mpu.a
LOAD zephyr/lib/libc/picolibc/liblib__libc__picolibc.a
LOAD zephyr/lib/libc/common/liblib__libc__common.a
LOAD zephyr/lib/posix/options/liblib__posix__options.a
LOAD zephyr/lib/net_buf/liblib__net_buf.a
LOAD zephyr/soc/soc/nrf9151/libsoc__nordic.a
LOAD zephyr/subsys/random/libsubsys__random.a
LOAD zephyr/subsys/net/libsubsys__net.a
LOAD zephyr/subsys/net/l2/offloaded_netdev/libsubsys__net__l2__offloaded_netdev.a
LOAD zephyr/subsys/net/ip/libsubsys__net__ip.a
LOAD zephyr/subsys/net/lib/mqtt/libsubsys__net__lib__mqtt.a
LOAD zephyr/drivers/clock_control/libdrivers__clock_control.a
LOAD zephyr/drivers/console/libdrivers__console.a
LOAD zephyr/drivers/entropy/libdrivers__entropy.a
LOAD zephyr/drivers/gpio/libdrivers__gpio.a
LOAD zephyr/drivers/pinctrl/libdrivers__pinctrl.a
LOAD zephyr/drivers/serial/libdrivers__serial.a
LOAD zephyr/drivers/timer/libdrivers__timer.a
LOAD modules/nrf/lib/nrf_modem_lib/lib..__nrf__lib__nrf_modem_lib.a
LOAD modules/nrf/lib/at_monitor/lib..__nrf__lib__at_monitor.a
LOAD modules/nrf/lib/at_parser/lib..__nrf__lib__at_parser.a
LOAD modules/nrf/lib/lte_link_control/lib..__nrf__lib__lte_link_control.a
LOAD modules/nrf/lib/date_time/lib..__nrf__lib__date_time.a
LOAD modules/nrf/lib/modem_antenna/lib..__nrf__lib__modem_antenna.a
LOAD modules/nrf/subsys/nrf_security/src/zephyr/libmbedtls_zephyr.a
LOAD modules/nrf/modules/trusted-firmware-m/lib..__nrf__modules__trusted-firmware-m.a
LOAD modules/nrf/modules/trusted-firmware-m/libtfm_api_nrf.a
LOAD modules/trusted-firmware-m/libtfm_api.a
LOAD modules/hal_nordic/nrfx/libmodules__hal_nordic__nrfx.a
LOAD modules/segger/libmodules__segger.a
LOAD C:/ncs/v2.9.2/nrfxlib/nrf_modem/lib/cellular/nrf9120/soft-float/libmodem.a
LOAD zephyr/kernel/libkernel.a
LOAD ../../lib/alec/libalec_ffi.a
LOAD zephyr/arch/common/libisr_tables.a
LOAD modules/nrf/subsys/nrf_security/src/libmbedcrypto.a
LOAD modules/nrf/subsys/nrf_security/src/libmbedcrypto_base.a
LOAD modules/nrf/subsys/nrf_security/src/libnrf_security_utils.a
LOAD zephyr/kernel/libkernel.a
LOAD C:/ncs/v2.9.2/nrfxlib/crypto/nrf_oberon/lib/cortex-m33/soft-float/liboberon_mbedtls_3.0.15.a
LOAD C:/ncs/v2.9.2/nrfxlib/crypto/nrf_oberon/lib/cortex-m33/soft-float/liboberon_3.0.15.a
LOAD c:\ncs\toolchains\b620d30767\opt\zephyr-sdk\arm-zephyr-eabi\bin\../lib/gcc/../../picolibc/arm-zephyr-eabi/lib/thumb/v8-m.main/nofp\libc.a
LOAD c:/ncs/toolchains/b620d30767/opt/zephyr-sdk/arm-zephyr-eabi/bin/../lib/gcc/arm-zephyr-eabi/12.2.0/thumb/v8-m.main/nofp\libgcc.a
                0x0000000000000020                _region_min_align = 0x20

.rel.plt        0x0000000000008000        0x0
 *(SORT_BY_ALIGNMENT(.rel.plt))
                [!provide]                        PROVIDE (__rel_iplt_start = .)
 *(SORT_BY_ALIGNMENT(.rel.iplt))
 .rel.iplt      0x0000000000008000        0x0 app/libapp.a(main.c.obj)
                [!provide]                        PROVIDE (__rel_iplt_end = .)

.rela.plt       0x0000000000000000        0x0
 *(SORT_BY_ALIGNMENT(.rela.plt))
                [!provide]                        PROVIDE (__rela_iplt_start = .)
 *(SORT_BY_ALIGNMENT(.rela.iplt))
                [!provide]                        PROVIDE (__rela_iplt_end = .)

.rel.dyn
 *(SORT_BY_ALIGNMENT(.rel.*))

.rela.dyn
 *(SORT_BY_ALIGNMENT(.rela.*))

/DISCARD/
 *(SORT_BY_ALIGNMENT(.plt))

/DISCARD/
 *(SORT_BY_ALIGNMENT(.iplt))
                0x0000000000008000                __rom_region_start = 0x8000

rom_start       0x0000000000008000      0x144
                0x0000000000008000                __rom_start_address = .
 FILL mask 0x00
                0x0000000000008000                . = (. + (0x0 - (. - __rom_start_address)))
                0x0000000000008000                . = ALIGN (0x4)
                0x0000000000008000                . = ALIGN (0x80)
                0x0000000000008000                . = ALIGN (0x200)
                0x0000000000008000                _vector_start = .
 *(SORT_BY_ALIGNMENT(.exc_vector_table))
 *(SORT_BY_ALIGNMENT(.exc_vector_table.*))
 .exc_vector_table._vector_table_section
                0x0000000000008000       0x40 zephyr/arch/arch/arm/core/cortex_m/libarch__arm__core__cortex_m.a(vector_table.S.obj)
                0x0000000000008000                _vector_table
 *(SORT_BY_ALIGNMENT(.vectors))
                0x0000000000008144                _vector_end = .
                0x0000000000008040                . = ALIGN (0x4)
 *(SORT_BY_ALIGNMENT(.gnu.linkonce.irq_vector_table*))
 .gnu.linkonce.irq_vector_table
                0x0000000000008040      0x104 zephyr/arch/common/libisr_tables.a(isr_tables.c.obj)
                0x0000000000008040                _irq_vector_table
                0x0000000000008144                _vector_end = .

text            0x0000000000008148    0x26808
                0x0000000000008148                __text_region_start = .
 *(SORT_BY_ALIGNMENT(.text))
 .text          0x0000000000008148      0x110 c:/ncs/toolchains/b620d30767/opt/zephyr-sdk/arm-zephyr-eabi/bin/../lib/gcc/arm-zephyr-eabi/12.2.0/thumb/v8-m.main/nofp\libgcc.a(_arm_cmpdf2.o)
                0x0000000000008148                __gtdf2
                0x0000000000008148                __gedf2
                0x0000000000008150                __ltdf2
                0x0000000000008150                __ledf2
                0x0000000000008158                __nedf2
                0x0000000000008158                __eqdf2
                0x0000000000008158                __cmpdf2
                0x00000000000081d4                __aeabi_cdrcmple
                0x00000000000081e4                __aeabi_cdcmpeq
                0x00000000000081e4                __aeabi_cdcmple
                0x00000000000081f4                __aeabi_dcmpeq
                0x0000000000008208                __aeabi_dcmplt
                0x000000000000821c                __aeabi_dcmple
                0x0000000000008230                __aeabi_dcmpge
                0x0000000000008244                __aeabi_dcmpgt
 .text          0x0000000000008258       0x14 c:\ncs\toolchains\b620d30767\opt\zephyr-sdk\arm-zephyr-eabi\bin\../lib/gcc/../../picolibc/arm-zephyr-eabi/lib/thumb/v8-m.main/nofp\libc.a(strcmp.S.o)
                0x0000000000008258                strcmp
 .text          0x000000000000826c       0x10 c:\ncs\toolchains\b620d30767\opt\zephyr-sdk\arm-zephyr-eabi\bin\../lib/gcc/../../picolibc/arm-zephyr-eabi/lib/thumb/v8-m.main/nofp\libc.a(strcpy.S.o)
                0x000000000000826c                strcpy
 *(SORT_BY_ALIGNMENT(.text.*))
 *fill*         0x000000000000827c        0x4 
 .text.clock_settime
                0x0000000000008280       0xc0 zephyr/lib/posix/options/liblib__posix__options.a(clock.c.obj)
                0x0000000000008280                clock_settime
 .text.mqtt_pub
                0x0000000000008340       0x40 app/libapp.a(main.c.obj)
 .text.mqtt_evt_handler
                0x0000000000008380       0x58 app/libapp.a(main.c.obj)
 .text.lte_handler.part.0
                0x00000000000083d8       0x14 app/libapp.a(main.c.obj)
 .text.mqtt_setup_and_connect
                0x00000000000083ec       0xe8 app/libapp.a(main.c.obj)
 .text.main     0x00000000000084d4      0x534 app/libapp.a(main.c.obj)
                0x00000000000084d4                main
 .text.cbvprintf_package
                0x0000000000008a08      0x3a4 zephyr/libzephyr.a(cbprintf_packaged.c.obj)
                0x0000000000008a08                cbvprintf_package
 .text.cbprintf_package_convert
                0x0000000000008dac      0x3c0 zephyr/libzephyr.a(cbprintf_packaged.c.obj)
                0x0000000000008dac                cbprintf_package_convert
 .text.__printk_hook_install
                0x000000000000916c        0xc zephyr/libzephyr.a(printk.c.obj)
                0x000000000000916c                __printk_hook_install
 .text.z_thread_entry
                0x0000000000009178       0x34 zephyr/libzephyr.a(thread_entry.c.obj)
                0x0000000000009178                z_thread_entry
 .text._check_fd
                0x00000000000091ac       0x34 zephyr/libzephyr.a(fdtable.c.obj)
 .text.z_fd_unref.isra.0
                0x00000000000091e0       0x40 zephyr/libzephyr.a(fdtable.c.obj)
 .text.zvfs_get_fd_obj_and_vtable
                0x0000000000009220       0x34 zephyr/libzephyr.a(fdtable.c.obj)
                0x0000000000009220                zvfs_get_fd_obj_and_vtable
 .text.zvfs_reserve_fd
                0x0000000000009254       0x7c zephyr/libzephyr.a(fdtable.c.obj)
                0x0000000000009254                zvfs_reserve_fd
 .text.zvfs_finalize_typed_fd
                0x00000000000092d0       0x30 zephyr/libzephyr.a(fdtable.c.obj)
                0x00000000000092d0                zvfs_finalize_typed_fd
 .text.timeutil_timegm64
                0x0000000000009300       0xe8 zephyr/libzephyr.a(timeutil.c.obj)
                0x0000000000009300                timeutil_timegm64
 .text.process_event
                0x00000000000093e8      0x21c zephyr/libzephyr.a(onoff.c.obj)
 .text.activate_foreach_backend
                0x0000000000009604       0x64 zephyr/libzephyr.a(log_core.c.obj)
 .text.enable_logger
                0x0000000000009668       0x5c zephyr/libzephyr.a(log_core.c.obj)
 .text.log_process_thread_timer_expiry_fn
                0x00000000000096c4        0xc zephyr/libzephyr.a(log_core.c.obj)
 .text.z_log_init
                0x00000000000096d0       0x90 zephyr/libzephyr.a(log_core.c.obj)
 .text.log_format_func_t_get
                0x0000000000009760        0xc zephyr/libzephyr.a(log_core.c.obj)
                0x0000000000009760                log_format_func_t_get
 .text.log_set_timestamp_func
                0x000000000000976c       0x20 zephyr/libzephyr.a(log_core.c.obj)
                0x000000000000976c                log_set_timestamp_func
 .text.z_log_notify_backend_enabled
                0x000000000000978c       0x1c zephyr/libzephyr.a(log_core.c.obj)
                0x000000000000978c                z_log_notify_backend_enabled
 .text.z_log_dropped
                0x00000000000097a8       0x3c zephyr/libzephyr.a(log_core.c.obj)
                0x00000000000097a8                z_log_dropped
 .text.z_log_dropped_read_and_clear
                0x00000000000097e4       0x18 zephyr/libzephyr.a(log_core.c.obj)
                0x00000000000097e4                z_log_dropped_read_and_clear
 .text.dropped_notify
                0x00000000000097fc       0x30 zephyr/libzephyr.a(log_core.c.obj)
                0x00000000000097fc                dropped_notify
 .text.z_log_msg_init
                0x000000000000982c       0x20 zephyr/libzephyr.a(log_core.c.obj)
                0x000000000000982c                z_log_msg_init
 .text.log_core_init
                0x000000000000984c       0x34 zephyr/libzephyr.a(log_core.c.obj)
                0x000000000000984c                log_core_init
 .text.z_log_msg_alloc
                0x0000000000009880       0x10 zephyr/libzephyr.a(log_core.c.obj)
                0x0000000000009880                z_log_msg_alloc
 .text.z_log_msg_local_claim
                0x0000000000009890        0xc zephyr/libzephyr.a(log_core.c.obj)
                0x0000000000009890                z_log_msg_local_claim
 .text.z_log_msg_free
                0x000000000000989c       0x10 zephyr/libzephyr.a(log_core.c.obj)
                0x000000000000989c                z_log_msg_free
 .text.z_log_msg_pending
                0x00000000000098ac        0xc zephyr/libzephyr.a(log_core.c.obj)
                0x00000000000098ac                z_log_msg_pending
 .text.z_impl_log_process
                0x00000000000098b8       0xb4 zephyr/libzephyr.a(log_core.c.obj)
                0x00000000000098b8                z_impl_log_process
 .text.z_impl_log_panic
                0x000000000000996c       0x44 zephyr/libzephyr.a(log_core.c.obj)
                0x000000000000996c                z_impl_log_panic
 .text.log_process_thread_func
                0x00000000000099b0       0xa4 zephyr/libzephyr.a(log_core.c.obj)
 .text.z_log_msg_post_finalize
                0x0000000000009a54       0x78 zephyr/libzephyr.a(log_core.c.obj)
 .text.z_log_msg_commit
                0x0000000000009acc       0x24 zephyr/libzephyr.a(log_core.c.obj)
                0x0000000000009acc                z_log_msg_commit
 .text.log_source_name_get
                0x0000000000009af0       0x1c zephyr/libzephyr.a(log_mgmt.c.obj)
                0x0000000000009af0                log_source_name_get
 .text.log_backend_enable
                0x0000000000009b0c       0x28 zephyr/libzephyr.a(log_mgmt.c.obj)
                0x0000000000009b0c                log_backend_enable
 .text.z_impl_z_log_msg_static_create
                0x0000000000009b34      0x108 zephyr/libzephyr.a(log_msg.c.obj)
                0x0000000000009b34                z_impl_z_log_msg_static_create
 .text.z_log_msg_runtime_vcreate
                0x0000000000009c3c       0xa0 zephyr/libzephyr.a(log_msg.c.obj)
                0x0000000000009c3c                z_log_msg_runtime_vcreate
 .text.log_msg_get_source_id
                0x0000000000009cdc       0x18 zephyr/libzephyr.a(log_msg.c.obj)
                0x0000000000009cdc                log_msg_get_source_id
 .text.print_formatted
                0x0000000000009cf4       0x24 zephyr/libzephyr.a(log_output.c.obj)
 .text.newline_print
                0x0000000000009d18       0x1c zephyr/libzephyr.a(log_output.c.obj)
 .text.log_output_process
                0x0000000000009d34      0x2d4 zephyr/libzephyr.a(log_output.c.obj)
                0x0000000000009d34                log_output_process
 .text.log_output_dropped_process
                0x000000000000a008       0x58 zephyr/libzephyr.a(log_output.c.obj)
                0x000000000000a008                log_output_dropped_process
 .text.log_output_timestamp_freq_set
                0x000000000000a060       0x2c zephyr/libzephyr.a(log_output.c.obj)
                0x000000000000a060                log_output_timestamp_freq_set
 .text.log_backend_rtt_init
                0x000000000000a08c        0xc zephyr/libzephyr.a(log_backend_rtt.c.obj)
 .text.format_set
                0x000000000000a098        0xc zephyr/libzephyr.a(log_backend_rtt.c.obj)
 .text.dropped  0x000000000000a0a4        0xc zephyr/libzephyr.a(log_backend_rtt.c.obj)
 .text.process  0x000000000000a0b0       0x24 zephyr/libzephyr.a(log_backend_rtt.c.obj)
 .text.panic    0x000000000000a0d4       0x34 zephyr/libzephyr.a(log_backend_rtt.c.obj)
 .text.on_failed_write
                0x000000000000a108       0x28 zephyr/libzephyr.a(log_backend_rtt.c.obj)
 .text.data_out_block_mode
                0x000000000000a130       0x84 zephyr/libzephyr.a(log_backend_rtt.c.obj)
 .text.mem_attr_get_regions
                0x000000000000a1b4        0xc zephyr/libzephyr.a(mem_attr.c.obj)
                0x000000000000a1b4                mem_attr_get_regions
 .text.sntp_init
                0x000000000000a1c0       0x64 zephyr/libzephyr.a(sntp.c.obj)
                0x000000000000a1c0                sntp_init
 .text.sntp_query
                0x000000000000a224      0x174 zephyr/libzephyr.a(sntp.c.obj)
                0x000000000000a224                sntp_query
 .text.boot_banner
                0x000000000000a398       0x1c zephyr/libzephyr.a(banner.c.obj)
                0x000000000000a398                boot_banner
 .text.z_arm_fatal_error
                0x000000000000a3b4       0xb8 zephyr/arch/arch/arm/core/libarch__arm__core.a(fatal.c.obj)
                0x000000000000a3b4                z_arm_fatal_error
 .text.z_SysNmiOnReset
                0x000000000000a46c        0x8 zephyr/arch/arch/arm/core/libarch__arm__core.a(nmi_on_reset.S.obj)
                0x000000000000a46c                z_SysNmiOnReset
 .text.arch_tls_stack_setup
                0x000000000000a474       0x40 zephyr/arch/arch/arm/core/libarch__arm__core.a(tls.c.obj)
                0x000000000000a474                arch_tls_stack_setup
 .text._HandlerModeExit
                0x000000000000a4b4       0x28 zephyr/arch/arch/arm/core/cortex_m/libarch__arm__core__cortex_m.a(exc_exit.c.obj)
                0x000000000000a4b4                z_arm_int_exit
                0x000000000000a4b4                z_arm_exc_exit
 .text.mem_manage_fault.constprop.0
                0x000000000000a4dc       0xd0 zephyr/arch/arch/arm/core/cortex_m/libarch__arm__core__cortex_m.a(fault.c.obj)
 .text.usage_fault.constprop.0
                0x000000000000a5ac       0xbc zephyr/arch/arch/arm/core/cortex_m/libarch__arm__core__cortex_m.a(fault.c.obj)
 .text.bus_fault.constprop.0
                0x000000000000a668       0xd0 zephyr/arch/arch/arm/core/cortex_m/libarch__arm__core__cortex_m.a(fault.c.obj)
 .text.z_arm_fault
                0x000000000000a738      0x1e0 zephyr/arch/arch/arm/core/cortex_m/libarch__arm__core__cortex_m.a(fault.c.obj)
                0x000000000000a738                z_arm_fault
 .text.z_arm_fault_init
                0x000000000000a918       0x20 zephyr/arch/arch/arm/core/cortex_m/libarch__arm__core__cortex_m.a(fault.c.obj)
                0x000000000000a918                z_arm_fault_init
 .text.__fault  0x000000000000a938       0x14 zephyr/arch/arch/arm/core/cortex_m/libarch__arm__core__cortex_m.a(fault_s.S.obj)
                0x000000000000a938                z_arm_usage_fault
                0x000000000000a938                z_arm_mpu_fault
                0x000000000000a938                z_arm_exc_spurious
                0x000000000000a938                z_arm_debug_monitor
                0x000000000000a938                z_arm_hard_fault
                0x000000000000a938                z_arm_bus_fault
 .text._reset_section
                0x000000000000a94c       0x60 zephyr/arch/arch/arm/core/cortex_m/libarch__arm__core__cortex_m.a(reset.S.obj)
                0x000000000000a94c                __start
                0x000000000000a94c                z_arm_reset
 .text.z_arm_clear_arm_mpu_config
                0x000000000000a9ac       0x24 zephyr/arch/arch/arm/core/cortex_m/libarch__arm__core__cortex_m.a(scb.c.obj)
                0x000000000000a9ac                z_arm_clear_arm_mpu_config
 .text.z_arm_init_arch_hw_at_boot
                0x000000000000a9d0       0x4c zephyr/arch/arch/arm/core/cortex_m/libarch__arm__core__cortex_m.a(scb.c.obj)
                0x000000000000a9d0                z_arm_init_arch_hw_at_boot
 .text.z_impl_k_thread_abort
                0x000000000000aa1c       0x2c zephyr/arch/arch/arm/core/cortex_m/libarch__arm__core__cortex_m.a(thread_abort.c.obj)
                0x000000000000aa1c                z_impl_k_thread_abort
 .text.arch_swap
                0x000000000000aa48       0x30 zephyr/arch/arch/arm/core/cortex_m/libarch__arm__core__cortex_m.a(swap.c.obj)
                0x000000000000aa48                arch_swap
 .text.z_arm_pendsv_c
                0x000000000000aa78       0x50 zephyr/arch/arch/arm/core/cortex_m/libarch__arm__core__cortex_m.a(swap.c.obj)
                0x000000000000aa78                z_arm_pendsv_c
 .text.z_arm_pendsv
                0x000000000000aac8       0x48 zephyr/arch/arch/arm/core/cortex_m/libarch__arm__core__cortex_m.a(swap_helper.S.obj)
                0x000000000000aac8                z_arm_pendsv
 .text.z_arm_svc
                0x000000000000ab10       0x20 zephyr/arch/arch/arm/core/cortex_m/libarch__arm__core__cortex_m.a(swap_helper.S.obj)
                0x000000000000ab10                z_arm_svc
 .text.arch_irq_enable
                0x000000000000ab30       0x1c zephyr/arch/arch/arm/core/cortex_m/libarch__arm__core__cortex_m.a(irq_manage.c.obj)
                0x000000000000ab30                arch_irq_enable
 .text.arch_irq_disable
                0x000000000000ab4c       0x28 zephyr/arch/arch/arm/core/cortex_m/libarch__arm__core__cortex_m.a(irq_manage.c.obj)
                0x000000000000ab4c                arch_irq_disable
 .text.arch_irq_is_enabled
                0x000000000000ab74       0x1c zephyr/arch/arch/arm/core/cortex_m/libarch__arm__core__cortex_m.a(irq_manage.c.obj)
                0x000000000000ab74                arch_irq_is_enabled
 .text.z_arm_irq_priority_set
                0x000000000000ab90       0x2c zephyr/arch/arch/arm/core/cortex_m/libarch__arm__core__cortex_m.a(irq_manage.c.obj)
                0x000000000000ab90                z_arm_irq_priority_set
 .text.z_prep_c
                0x000000000000abbc       0x38 zephyr/arch/arch/arm/core/cortex_m/libarch__arm__core__cortex_m.a(prep_c.c.obj)
                0x000000000000abbc                z_prep_c
 .text.arch_new_thread
                0x000000000000abf4       0x40 zephyr/arch/arch/arm/core/cortex_m/libarch__arm__core__cortex_m.a(thread.c.obj)
                0x000000000000abf4                arch_new_thread
 .text.arch_switch_to_main_thread
                0x000000000000ac34       0x48 zephyr/arch/arch/arm/core/cortex_m/libarch__arm__core__cortex_m.a(thread.c.obj)
                0x000000000000ac34                arch_switch_to_main_thread
 .text.z_arm_cpu_idle_init
                0x000000000000ac7c        0xc zephyr/arch/arch/arm/core/cortex_m/libarch__arm__core__cortex_m.a(cpu_idle.c.obj)
                0x000000000000ac7c                z_arm_cpu_idle_init
 .text.z_arm_interrupt_init
                0x000000000000ac88       0x18 zephyr/arch/arch/arm/core/cortex_m/libarch__arm__core__cortex_m.a(irq_init.c.obj)
                0x000000000000ac88                z_arm_interrupt_init
 .text._isr_wrapper
                0x000000000000aca0       0x24 zephyr/arch/arch/arm/core/cortex_m/libarch__arm__core__cortex_m.a(isr_wrapper.c.obj)
                0x000000000000aca0                _isr_wrapper
 .text.z_arm_configure_static_mpu_regions
                0x000000000000acc4       0x38 zephyr/arch/arch/arm/core/mpu/libarch__arm__core__mpu.a(arm_core_mpu.c.obj)
                0x000000000000acc4                z_arm_configure_static_mpu_regions
 .text.region_init
                0x000000000000acfc       0x34 zephyr/arch/arch/arm/core/mpu/libarch__arm__core__mpu.a(arm_mpu.c.obj)
 .text.region_allocate_and_init
                0x000000000000ad30       0x38 zephyr/arch/arch/arm/core/mpu/libarch__arm__core__mpu.a(arm_mpu.c.obj)
 .text.mpu_configure_regions_and_partition.constprop.0
                0x000000000000ad68      0x164 zephyr/arch/arch/arm/core/mpu/libarch__arm__core__mpu.a(arm_mpu.c.obj)
 .text.arm_core_mpu_enable
                0x000000000000aecc       0x18 zephyr/arch/arch/arm/core/mpu/libarch__arm__core__mpu.a(arm_mpu.c.obj)
                0x000000000000aecc                arm_core_mpu_enable
 .text.arm_core_mpu_disable
                0x000000000000aee4       0x14 zephyr/arch/arch/arm/core/mpu/libarch__arm__core__mpu.a(arm_mpu.c.obj)
                0x000000000000aee4                arm_core_mpu_disable
 .text.arm_core_mpu_configure_static_mpu_regions
                0x000000000000aef8       0x14 zephyr/arch/arch/arm/core/mpu/libarch__arm__core__mpu.a(arm_mpu.c.obj)
                0x000000000000aef8                arm_core_mpu_configure_static_mpu_regions
 .text.arm_core_mpu_mark_areas_for_dynamic_regions
                0x000000000000af0c       0xb8 zephyr/arch/arch/arm/core/mpu/libarch__arm__core__mpu.a(arm_mpu.c.obj)
                0x000000000000af0c                arm_core_mpu_mark_areas_for_dynamic_regions
 .text.z_arm_mpu_init
                0x000000000000afc4      0x11c zephyr/arch/arch/arm/core/mpu/libarch__arm__core__mpu.a(arm_mpu.c.obj)
                0x000000000000afc4                z_arm_mpu_init
 .text.z_impl_zephyr_fputc
                0x000000000000b0e0       0x10 zephyr/lib/libc/picolibc/liblib__libc__picolibc.a(libc-hooks.c.obj)
                0x000000000000b0e0                z_impl_zephyr_fputc
 .text.__stdout_hook_install
                0x000000000000b0f0       0x18 zephyr/lib/libc/picolibc/liblib__libc__picolibc.a(libc-hooks.c.obj)
                0x000000000000b0f0                __stdout_hook_install
 .text.cbvprintf
                0x000000000000b108       0x38 zephyr/lib/libc/picolibc/liblib__libc__picolibc.a(libc-hooks.c.obj)
                0x000000000000b108                cbvprintf
 .text.malloc_prepare
                0x000000000000b140       0x24 zephyr/lib/libc/common/liblib__libc__common.a(malloc.c.obj)
 .text.z_impl___posix_clock_get_base
                0x000000000000b164       0x54 zephyr/lib/posix/options/liblib__posix__options.a(clock.c.obj)
                0x000000000000b164                z_impl___posix_clock_get_base
 .text.clock_gettime
                0x000000000000b1b8       0x88 zephyr/lib/posix/options/liblib__posix__options.a(clock.c.obj)
                0x000000000000b1b8                clock_gettime
 .text.net_buf_destroy
                0x000000000000b240       0x38 zephyr/lib/net_buf/liblib__net_buf.a(buf.c.obj)
 .text.net_buf_id
                0x000000000000b278       0x20 zephyr/lib/net_buf/liblib__net_buf.a(buf.c.obj)
                0x000000000000b278                net_buf_id
 .text.fixed_data_alloc
                0x000000000000b298       0x24 zephyr/lib/net_buf/liblib__net_buf.a(buf.c.obj)
 .text.net_buf_alloc_len
                0x000000000000b2bc      0x124 zephyr/lib/net_buf/liblib__net_buf.a(buf.c.obj)
                0x000000000000b2bc                net_buf_alloc_len
 .text.net_buf_unref
                0x000000000000b3e0       0x38 zephyr/lib/net_buf/liblib__net_buf.a(buf.c.obj)
                0x000000000000b3e0                net_buf_unref
 .text.nordicsemi_nrf91_init
                0x000000000000b418       0x10 zephyr/soc/soc/nrf9151/libsoc__nordic.a(soc.c.obj)
 .text.arch_busy_wait
                0x000000000000b428       0x14 zephyr/soc/soc/nrf9151/libsoc__nordic.a(soc.c.obj)
                0x000000000000b428                arch_busy_wait
 .text.z_impl_sys_rand_get
                0x000000000000b43c       0x40 zephyr/subsys/random/libsubsys__random.a(random_entropy_device.c.obj)
                0x000000000000b43c                z_impl_sys_rand_get
 .text.z_impl_zsock_socket
                0x000000000000b47c       0x64 zephyr/subsys/net/libsubsys__net.a(sockets.c.obj)
                0x000000000000b47c                z_impl_zsock_socket
 .text.z_impl_zsock_close
                0x000000000000b4e0       0x50 zephyr/subsys/net/libsubsys__net.a(sockets.c.obj)
                0x000000000000b4e0                z_impl_zsock_close
 .text.z_impl_zsock_connect
                0x000000000000b530       0x58 zephyr/subsys/net/libsubsys__net.a(sockets.c.obj)
                0x000000000000b530                z_impl_zsock_connect
 .text.z_impl_zsock_sendto
                0x000000000000b588       0x6c zephyr/subsys/net/libsubsys__net.a(sockets.c.obj)
                0x000000000000b588                z_impl_zsock_sendto
 .text.z_impl_zsock_sendmsg
                0x000000000000b5f4       0x58 zephyr/subsys/net/libsubsys__net.a(sockets.c.obj)
                0x000000000000b5f4                z_impl_zsock_sendmsg
 .text.z_impl_zsock_recvfrom
                0x000000000000b64c       0x6c zephyr/subsys/net/libsubsys__net.a(sockets.c.obj)
                0x000000000000b64c                z_impl_zsock_recvfrom
 .text.zsock_poll_internal
                0x000000000000b6b8      0x200 zephyr/subsys/net/libsubsys__net.a(sockets.c.obj)
                0x000000000000b6b8                zsock_poll_internal
 .text.zsock_socket_internal
                0x000000000000b8b8       0x88 zephyr/subsys/net/libsubsys__net.a(sockets_inet.c.obj)
 .text.zsock_accepted_cb
                0x000000000000b940       0x4c zephyr/subsys/net/libsubsys__net.a(sockets_inet.c.obj)
 .text.send_check_and_wait
                0x000000000000b98c       0xd8 zephyr/subsys/net/libsubsys__net.a(sockets_inet.c.obj)
 .text.ipv6_multicast_group
                0x000000000000ba64       0x70 zephyr/subsys/net/libsubsys__net.a(sockets_inet.c.obj)
 .text.sock_ioctl_vmeth
                0x000000000000bad4      0x144 zephyr/subsys/net/libsubsys__net.a(sockets_inet.c.obj)
 .text.zsock_close_ctx
                0x000000000000bc18       0x5c zephyr/subsys/net/libsubsys__net.a(sockets_inet.c.obj)
                0x000000000000bc18                zsock_close_ctx
 .text.zsock_shutdown_ctx
                0x000000000000bc74       0x68 zephyr/subsys/net/libsubsys__net.a(sockets_inet.c.obj)
                0x000000000000bc74                zsock_shutdown_ctx
 .text.zsock_bind_ctx
                0x000000000000bcdc       0x4c zephyr/subsys/net/libsubsys__net.a(sockets_inet.c.obj)
                0x000000000000bcdc                zsock_bind_ctx
 .text.zsock_connect_ctx
                0x000000000000bd28       0xc8 zephyr/subsys/net/libsubsys__net.a(sockets_inet.c.obj)
                0x000000000000bd28                zsock_connect_ctx
 .text.zsock_listen_ctx
                0x000000000000bdf0       0x40 zephyr/subsys/net/libsubsys__net.a(sockets_inet.c.obj)
                0x000000000000bdf0                zsock_listen_ctx
 .text.zsock_sendto_ctx
                0x000000000000be30      0x104 zephyr/subsys/net/libsubsys__net.a(sockets_inet.c.obj)
                0x000000000000be30                zsock_sendto_ctx
 .text.zsock_accept_ctx
                0x000000000000bf34      0x114 zephyr/subsys/net/libsubsys__net.a(sockets_inet.c.obj)
                0x000000000000bf34                zsock_accept_ctx
 .text.zsock_recv_dgram
                0x000000000000c048      0x2ac zephyr/subsys/net/libsubsys__net.a(sockets_inet.c.obj)
 .text.zsock_recv_stream
                0x000000000000c2f4      0x1a4 zephyr/subsys/net/libsubsys__net.a(sockets_inet.c.obj)
 .text.zsock_recvfrom_ctx
                0x000000000000c498       0x58 zephyr/subsys/net/libsubsys__net.a(sockets_inet.c.obj)
                0x000000000000c498                zsock_recvfrom_ctx
 .text.zsock_recvmsg_ctx
                0x000000000000c4f0       0x6c zephyr/subsys/net/libsubsys__net.a(sockets_inet.c.obj)
                0x000000000000c4f0                zsock_recvmsg_ctx
 .text.zsock_getsockopt_ctx
                0x000000000000c55c       0xd4 zephyr/subsys/net/libsubsys__net.a(sockets_inet.c.obj)
                0x000000000000c55c                zsock_getsockopt_ctx
 .text.zsock_setsockopt_ctx
                0x000000000000c630      0x164 zephyr/subsys/net/libsubsys__net.a(sockets_inet.c.obj)
                0x000000000000c630                zsock_setsockopt_ctx
 .text.zsock_getpeername_ctx
                0x000000000000c794       0x84 zephyr/subsys/net/libsubsys__net.a(sockets_inet.c.obj)
                0x000000000000c794                zsock_getpeername_ctx
 .text.zsock_getsockname_ctx
                0x000000000000c818       0x7c zephyr/subsys/net/libsubsys__net.a(sockets_inet.c.obj)
                0x000000000000c818                zsock_getsockname_ctx
 .text.socket_offload_dns_register
                0x000000000000c894        0xc zephyr/subsys/net/libsubsys__net.a(socket_offload.c.obj)
                0x000000000000c894                socket_offload_dns_register
 .text.socket_offload_getaddrinfo
                0x000000000000c8a0       0x14 zephyr/subsys/net/libsubsys__net.a(socket_offload.c.obj)
                0x000000000000c8a0                socket_offload_getaddrinfo
 .text.socket_offload_freeaddrinfo
                0x000000000000c8b4        0xc zephyr/subsys/net/libsubsys__net.a(socket_offload.c.obj)
                0x000000000000c8b4                socket_offload_freeaddrinfo
 .text.iface_router_update_timer
                0x000000000000c8c0       0x90 zephyr/subsys/net/ip/libsubsys__net__ip.a(net_if.c.obj)
 .text.iface_router_expired
                0x000000000000c950       0x8c zephyr/subsys/net/ip/libsubsys__net__ip.a(net_if.c.obj)
 .text.z_impl_net_if_get_by_index
                0x000000000000c9dc       0x24 zephyr/subsys/net/ip/libsubsys__net__ip.a(net_if.c.obj)
                0x000000000000c9dc                z_impl_net_if_get_by_index
 .text.dad_timeout
                0x000000000000ca00       0xb8 zephyr/subsys/net/ip/libsubsys__net__ip.a(net_if.c.obj)
 .text.net_if_get_default
                0x000000000000cab8       0x24 zephyr/subsys/net/ip/libsubsys__net__ip.a(net_if.c.obj)
                0x000000000000cab8                net_if_get_default
 .text.net_if_mcast_monitor
                0x000000000000cadc       0x54 zephyr/subsys/net/ip/libsubsys__net__ip.a(net_if.c.obj)
                0x000000000000cadc                net_if_mcast_monitor
 .text.net_if_config_ipv6_get
                0x000000000000cb30       0x6c zephyr/subsys/net/ip/libsubsys__net__ip.a(net_if.c.obj)
                0x000000000000cb30                net_if_config_ipv6_get
 .text.net_if_start_rs
                0x000000000000cb9c       0x78 zephyr/subsys/net/ip/libsubsys__net__ip.a(net_if.c.obj)
                0x000000000000cb9c                net_if_start_rs
 .text.rs_timeout
                0x000000000000cc14       0xf8 zephyr/subsys/net/ip/libsubsys__net__ip.a(net_if.c.obj)
 .text.net_if_stop_rs
                0x000000000000cd0c       0x40 zephyr/subsys/net/ip/libsubsys__net__ip.a(net_if.c.obj)
                0x000000000000cd0c                net_if_stop_rs
 .text.net_if_ipv6_addr_lookup
                0x000000000000cd4c       0x88 zephyr/subsys/net/ip/libsubsys__net__ip.a(net_if.c.obj)
                0x000000000000cd4c                net_if_ipv6_addr_lookup
 .text.net_if_ipv6_addr_update_lifetime
                0x000000000000cdd4       0x5c zephyr/subsys/net/ip/libsubsys__net__ip.a(net_if.c.obj)
                0x000000000000cdd4                net_if_ipv6_addr_update_lifetime
 .text.net_if_ipv6_maddr_lookup
                0x000000000000ce30       0x98 zephyr/subsys/net/ip/libsubsys__net__ip.a(net_if.c.obj)
                0x000000000000ce30                net_if_ipv6_maddr_lookup
 .text.net_if_ipv6_addr_onlink
                0x000000000000cec8       0x88 zephyr/subsys/net/ip/libsubsys__net__ip.a(net_if.c.obj)
                0x000000000000cec8                net_if_ipv6_addr_onlink
 .text.net_if_ipv6_prefix_set_timer
                0x000000000000cf50       0x58 zephyr/subsys/net/ip/libsubsys__net__ip.a(net_if.c.obj)
                0x000000000000cf50                net_if_ipv6_prefix_set_timer
 .text.net_if_ipv6_prefix_unset_timer
                0x000000000000cfa8       0x40 zephyr/subsys/net/ip/libsubsys__net__ip.a(net_if.c.obj)
                0x000000000000cfa8                net_if_ipv6_prefix_unset_timer
 .text.net_if_ipv6_router_lookup
                0x000000000000cfe8       0x4c zephyr/subsys/net/ip/libsubsys__net__ip.a(net_if.c.obj)
                0x000000000000cfe8                net_if_ipv6_router_lookup
 .text.net_if_ipv6_router_find_default
                0x000000000000d034       0x4c zephyr/subsys/net/ip/libsubsys__net__ip.a(net_if.c.obj)
                0x000000000000d034                net_if_ipv6_router_find_default
 .text.net_if_ipv6_router_add
                0x000000000000d080       0x94 zephyr/subsys/net/ip/libsubsys__net__ip.a(net_if.c.obj)
                0x000000000000d080                net_if_ipv6_router_add
 .text.net_if_ipv6_router_rm
                0x000000000000d114       0x50 zephyr/subsys/net/ip/libsubsys__net__ip.a(net_if.c.obj)
                0x000000000000d114                net_if_ipv6_router_rm
 .text.net_if_ipv6_select_src_addr_hint
                0x000000000000d164       0xcc zephyr/subsys/net/ip/libsubsys__net__ip.a(net_if.c.obj)
                0x000000000000d164                net_if_ipv6_select_src_addr_hint
 .text.net_if_addr_unref
                0x000000000000d230       0xf0 zephyr/subsys/net/ip/libsubsys__net__ip.a(net_if.c.obj)
                0x000000000000d230                net_if_addr_unref
 .text.prefix_lifetime_timeout
                0x000000000000d320       0xe0 zephyr/subsys/net/ip/libsubsys__net__ip.a(net_if.c.obj)
 .text.address_lifetime_timeout
                0x000000000000d400       0xdc zephyr/subsys/net/ip/libsubsys__net__ip.a(net_if.c.obj)
 .text.net_if_call_link_cb
                0x000000000000d4dc       0x4c zephyr/subsys/net/ip/libsubsys__net__ip.a(net_if.c.obj)
                0x000000000000d4dc                net_if_call_link_cb
 .text.net_if_tx.isra.0
                0x000000000000d528       0xbc zephyr/subsys/net/ip/libsubsys__net__ip.a(net_if.c.obj)
 .text.net_if_get_by_iface
                0x000000000000d5e4       0x24 zephyr/subsys/net/ip/libsubsys__net__ip.a(net_if.c.obj)
                0x000000000000d5e4                net_if_get_by_iface
 .text.net_if_ipv6_start_dad
                0x000000000000d608       0x8c zephyr/subsys/net/ip/libsubsys__net__ip.a(net_if.c.obj)
                0x000000000000d608                net_if_ipv6_start_dad
 .text.net_if_set_name
                0x000000000000d694       0x64 zephyr/subsys/net/ip/libsubsys__net__ip.a(net_if.c.obj)
                0x000000000000d694                net_if_set_name
 .text.net_if_get_by_name
                0x000000000000d6f8       0x44 zephyr/subsys/net/ip/libsubsys__net__ip.a(net_if.c.obj)
                0x000000000000d6f8                net_if_get_by_name
 .text.net_if_init
                0x000000000000d73c      0x178 zephyr/subsys/net/ip/libsubsys__net__ip.a(net_if.c.obj)
                0x000000000000d73c                net_if_init
 .text.net_if_post_init
                0x000000000000d8b4       0x28 zephyr/subsys/net/ip/libsubsys__net__ip.a(net_if.c.obj)
                0x000000000000d8b4                net_if_post_init
 .text.net_sprint_ll_addr_buf
                0x000000000000d8dc       0x58 zephyr/subsys/net/ip/libsubsys__net__ip.a(utils.c.obj)
                0x000000000000d8dc                net_sprint_ll_addr_buf
 .text.net_ipv6_unspecified_address
                0x000000000000d934        0x8 zephyr/subsys/net/ip/libsubsys__net__ip.a(utils.c.obj)
                0x000000000000d934                net_ipv6_unspecified_address
 .text.net_context_packet_received
                0x000000000000d93c       0xb0 zephyr/subsys/net/ip/libsubsys__net__ip.a(net_context.c.obj)
                0x000000000000d93c                net_context_packet_received
 .text.check_used_port
                0x000000000000d9ec       0xe8 zephyr/subsys/net/ip/libsubsys__net__ip.a(net_context.c.obj)
 .text.find_available_port
                0x000000000000dad4       0x40 zephyr/subsys/net/ip/libsubsys__net__ip.a(net_context.c.obj)
 .text.net_context_get
                0x000000000000db14      0x170 zephyr/subsys/net/ip/libsubsys__net__ip.a(net_context.c.obj)
                0x000000000000db14                net_context_get
 .text.net_context_put
                0x000000000000dc84       0x48 zephyr/subsys/net/ip/libsubsys__net__ip.a(net_context.c.obj)
                0x000000000000dc84                net_context_put
 .text.net_context_recv
                0x000000000000dccc      0x154 zephyr/subsys/net/ip/libsubsys__net__ip.a(net_context.c.obj)
                0x000000000000dccc                net_context_recv
 .text.net_context_set_option
                0x000000000000de20       0xf8 zephyr/subsys/net/ip/libsubsys__net__ip.a(net_context.c.obj)
                0x000000000000de20                net_context_set_option
 .text.net_context_get_option
                0x000000000000df18       0xb4 zephyr/subsys/net/ip/libsubsys__net__ip.a(net_context.c.obj)
                0x000000000000df18                net_context_get_option
 .text.net_context_init
                0x000000000000dfcc       0x10 zephyr/subsys/net/ip/libsubsys__net__ip.a(net_context.c.obj)
                0x000000000000dfcc                net_context_init
 .text.pkt_alloc
                0x000000000000dfdc       0x58 zephyr/subsys/net/ip/libsubsys__net__ip.a(net_pkt.c.obj)
 .text.net_pkt_alloc_buffer
                0x000000000000e034       0xc4 zephyr/subsys/net/ip/libsubsys__net__ip.a(net_pkt.c.obj)
                0x000000000000e034                net_pkt_alloc_buffer
 .text.net_pkt_alloc_with_buffer
                0x000000000000e0f8       0x24 zephyr/subsys/net/ip/libsubsys__net__ip.a(net_pkt.c.obj)
                0x000000000000e0f8                net_pkt_alloc_with_buffer
 .text.net_tc_rx_init
                0x000000000000e11c       0x50 zephyr/subsys/net/ip/libsubsys__net__ip.a(net_tc.c.obj)
                0x000000000000e11c                net_tc_rx_init
 .text.k_mutex_lock.constprop.0.isra.0
                0x000000000000e16c       0x10 zephyr/subsys/net/ip/libsubsys__net__ip.a(icmp.c.obj)
 .text.k_mutex_unlock.constprop.0.isra.0
                0x000000000000e17c        0xc zephyr/subsys/net/ip/libsubsys__net__ip.a(icmp.c.obj)
 .text.icmp_call_handlers
                0x000000000000e188       0x64 zephyr/subsys/net/ip/libsubsys__net__ip.a(icmp.c.obj)
 .text.net_icmp_init_ctx
                0x000000000000e1ec       0x48 zephyr/subsys/net/ip/libsubsys__net__ip.a(icmp.c.obj)
                0x000000000000e1ec                net_icmp_init_ctx
 .text.k_mutex_lock.constprop.0.isra.0
                0x000000000000e234       0x10 zephyr/subsys/net/ip/libsubsys__net__ip.a(connection.c.obj)
 .text.k_mutex_unlock.constprop.0.isra.0
                0x000000000000e244        0xc zephyr/subsys/net/ip/libsubsys__net__ip.a(connection.c.obj)
 .text.conn_set_unused
                0x000000000000e250       0x34 zephyr/subsys/net/ip/libsubsys__net__ip.a(connection.c.obj)
 .text.net_conn_register
                0x000000000000e284      0x238 zephyr/subsys/net/ip/libsubsys__net__ip.a(connection.c.obj)
                0x000000000000e284                net_conn_register
 .text.net_conn_unregister
                0x000000000000e4bc       0x78 zephyr/subsys/net/ip/libsubsys__net__ip.a(connection.c.obj)
                0x000000000000e4bc                net_conn_unregister
 .text.net_conn_update
                0x000000000000e534       0x40 zephyr/subsys/net/ip/libsubsys__net__ip.a(connection.c.obj)
                0x000000000000e534                net_conn_update
 .text.net_conn_input
                0x000000000000e574      0x1dc zephyr/subsys/net/ip/libsubsys__net__ip.a(connection.c.obj)
                0x000000000000e574                net_conn_input
 .text.net_conn_init
                0x000000000000e750       0x40 zephyr/subsys/net/ip/libsubsys__net__ip.a(connection.c.obj)
                0x000000000000e750                net_conn_init
 .text.net_icmpv6_init
                0x000000000000e790       0x14 zephyr/subsys/net/ip/libsubsys__net__ip.a(icmpv6.c.obj)
                0x000000000000e790                net_icmpv6_init
 .text.net_nbr_link
                0x000000000000e7a4       0xc4 zephyr/subsys/net/ip/libsubsys__net__ip.a(nbr.c.obj)
                0x000000000000e7a4                net_nbr_link
 .text.net_nbr_unlink
                0x000000000000e868       0x48 zephyr/subsys/net/ip/libsubsys__net__ip.a(nbr.c.obj)
                0x000000000000e868                net_nbr_unlink
 .text.net_nbr_get_lladdr
                0x000000000000e8b0       0x10 zephyr/subsys/net/ip/libsubsys__net__ip.a(nbr.c.obj)
                0x000000000000e8b0                net_nbr_get_lladdr
 .text.net_ipv6_input
                0x000000000000e8c0      0x3e4 zephyr/subsys/net/ip/libsubsys__net__ip.a(ipv6.c.obj)
                0x000000000000e8c0                net_ipv6_input
 .text.ipv6_nd_restart_reachable_timer
                0x000000000000eca4       0x88 zephyr/subsys/net/ip/libsubsys__net__ip.a(ipv6_nbr.c.obj)
 .text.ipv6_nbr_set_state
                0x000000000000ed2c       0x6c zephyr/subsys/net/ip/libsubsys__net__ip.a(ipv6_nbr.c.obj)
 .text.nbr_new  0x000000000000ed98       0x84 zephyr/subsys/net/ip/libsubsys__net__ip.a(ipv6_nbr.c.obj)
 .text.dbg_update_neighbor_lladdr.constprop.0
                0x000000000000ee1c       0x28 zephyr/subsys/net/ip/libsubsys__net__ip.a(ipv6_nbr.c.obj)
 .text.nbr_lookup.constprop.0
                0x000000000000ee44       0x44 zephyr/subsys/net/ip/libsubsys__net__ip.a(ipv6_nbr.c.obj)
 .text.net_ipv6_nbr_lock
                0x000000000000ee88       0x14 zephyr/subsys/net/ip/libsubsys__net__ip.a(ipv6_nbr.c.obj)
                0x000000000000ee88                net_ipv6_nbr_lock
 .text.net_ipv6_nbr_unlock
                0x000000000000ee9c        0xc zephyr/subsys/net/ip/libsubsys__net__ip.a(ipv6_nbr.c.obj)
                0x000000000000ee9c                net_ipv6_nbr_unlock
 .text.ipv6_ns_reply_timeout
                0x000000000000eea8       0xbc zephyr/subsys/net/ip/libsubsys__net__ip.a(ipv6_nbr.c.obj)
 .text.add_nbr  0x000000000000ef64       0xa0 zephyr/subsys/net/ip/libsubsys__net__ip.a(ipv6_nbr.c.obj)
 .text.net_ipv6_send_ns
                0x000000000000f004      0x1f0 zephyr/subsys/net/ip/libsubsys__net__ip.a(ipv6_nbr.c.obj)
                0x000000000000f004                net_ipv6_send_ns
 .text.handle_ra_input
                0x000000000000f1f4      0x490 zephyr/subsys/net/ip/libsubsys__net__ip.a(ipv6_nbr.c.obj)
 .text.ipv6_nd_reachable_timeout
                0x000000000000f684       0xec zephyr/subsys/net/ip/libsubsys__net__ip.a(ipv6_nbr.c.obj)
 .text.net_ipv6_nbr_init
                0x000000000000f770       0x64 zephyr/subsys/net/ip/libsubsys__net__ip.a(ipv6_nbr.c.obj)
                0x000000000000f770                net_ipv6_nbr_init
 .text.net_ipv6_mld_init
                0x000000000000f7d4       0x14 zephyr/subsys/net/ip/libsubsys__net__ip.a(ipv6_mld.c.obj)
                0x000000000000f7d4                net_ipv6_mld_init
 .text.nbr_new  0x000000000000f7e8       0x5c zephyr/subsys/net/ip/libsubsys__net__ip.a(route.c.obj)
 .text.net_route_get_nbr
                0x000000000000f844       0x38 zephyr/subsys/net/ip/libsubsys__net__ip.a(route.c.obj)
                0x000000000000f844                net_route_get_nbr
 .text.net_route_lookup
                0x000000000000f87c       0xbc zephyr/subsys/net/ip/libsubsys__net__ip.a(route.c.obj)
                0x000000000000f87c                net_route_lookup
 .text.net_route_update_lifetime
                0x000000000000f938       0x88 zephyr/subsys/net/ip/libsubsys__net__ip.a(route.c.obj)
                0x000000000000f938                net_route_update_lifetime
 .text.net_route_del
                0x000000000000f9c0       0x7c zephyr/subsys/net/ip/libsubsys__net__ip.a(route.c.obj)
                0x000000000000f9c0                net_route_del
 .text.route_lifetime_timeout
                0x000000000000fa3c       0xa8 zephyr/subsys/net/ip/libsubsys__net__ip.a(route.c.obj)
 .text.net_route_del_by_nexthop
                0x000000000000fae4       0x58 zephyr/subsys/net/ip/libsubsys__net__ip.a(route.c.obj)
                0x000000000000fae4                net_route_del_by_nexthop
 .text.net_route_add
                0x000000000000fb3c      0x148 zephyr/subsys/net/ip/libsubsys__net__ip.a(route.c.obj)
                0x000000000000fb3c                net_route_add
 .text.net_route_init
                0x000000000000fc84       0x10 zephyr/subsys/net/ip/libsubsys__net__ip.a(route.c.obj)
                0x000000000000fc84                net_route_init
 .text.net_udp_finalize
                0x000000000000fc94       0x90 zephyr/subsys/net/ip/libsubsys__net__ip.a(udp.c.obj)
                0x000000000000fc94                net_udp_finalize
 .text.net_udp_input
                0x000000000000fd24       0x7c zephyr/subsys/net/ip/libsubsys__net__ip.a(udp.c.obj)
                0x000000000000fd24                net_udp_input
 .text.connect_request_encode
                0x000000000000fda0      0x104 zephyr/subsys/net/lib/mqtt/libsubsys__net__lib__mqtt.a(mqtt_encoder.c.obj)
                0x000000000000fda0                connect_request_encode
 .text.disconnect_encode
                0x000000000000fea4       0x24 zephyr/subsys/net/lib/mqtt/libsubsys__net__lib__mqtt.a(mqtt_encoder.c.obj)
                0x000000000000fea4                disconnect_encode
 .text.ping_request_encode
                0x000000000000fec8       0x24 zephyr/subsys/net/lib/mqtt/libsubsys__net__lib__mqtt.a(mqtt_encoder.c.obj)
                0x000000000000fec8                ping_request_encode
 .text.mqtt_client_tcp_connect
                0x000000000000feec       0x48 zephyr/subsys/net/lib/mqtt/libsubsys__net__lib__mqtt.a(mqtt_transport_socket_tcp.c.obj)
                0x000000000000feec                mqtt_client_tcp_connect
 .text.mqtt_client_tcp_write
                0x000000000000ff34       0x44 zephyr/subsys/net/lib/mqtt/libsubsys__net__lib__mqtt.a(mqtt_transport_socket_tcp.c.obj)
                0x000000000000ff34                mqtt_client_tcp_write
 .text.mqtt_client_tcp_write_msg
                0x000000000000ff78       0x84 zephyr/subsys/net/lib/mqtt/libsubsys__net__lib__mqtt.a(mqtt_transport_socket_tcp.c.obj)
                0x000000000000ff78                mqtt_client_tcp_write_msg
 .text.mqtt_client_tcp_read
                0x000000000000fffc       0x2c zephyr/subsys/net/lib/mqtt/libsubsys__net__lib__mqtt.a(mqtt_transport_socket_tcp.c.obj)
                0x000000000000fffc                mqtt_client_tcp_read
 .text.mqtt_client_tcp_disconnect
                0x0000000000010028       0x20 zephyr/subsys/net/lib/mqtt/libsubsys__net__lib__mqtt.a(mqtt_transport_socket_tcp.c.obj)
                0x0000000000010028                mqtt_client_tcp_disconnect
 .text.mqtt_transport_connect
                0x0000000000010048       0x14 zephyr/subsys/net/lib/mqtt/libsubsys__net__lib__mqtt.a(mqtt_transport.c.obj)
                0x0000000000010048                mqtt_transport_connect
 .text.mqtt_transport_write
                0x000000000001005c       0x18 zephyr/subsys/net/lib/mqtt/libsubsys__net__lib__mqtt.a(mqtt_transport.c.obj)
                0x000000000001005c                mqtt_transport_write
 .text.mqtt_transport_write_msg
                0x0000000000010074       0x18 zephyr/subsys/net/lib/mqtt/libsubsys__net__lib__mqtt.a(mqtt_transport.c.obj)
                0x0000000000010074                mqtt_transport_write_msg
 .text.mqtt_transport_read
                0x000000000001008c       0x1c zephyr/subsys/net/lib/mqtt/libsubsys__net__lib__mqtt.a(mqtt_transport.c.obj)
                0x000000000001008c                mqtt_transport_read
 .text.onoff_stop
                0x00000000000100a8       0x30 zephyr/drivers/clock_control/libdrivers__clock_control.a(clock_control_nrf.c.obj)
 .text.onoff_start
                0x00000000000100d8       0x44 zephyr/drivers/clock_control/libdrivers__clock_control.a(clock_control_nrf.c.obj)
 .text.generic_hfclk_stop
                0x000000000001011c       0x34 zephyr/drivers/clock_control/libdrivers__clock_control.a(clock_control_nrf.c.obj)
 .text.clk_init
                0x0000000000010150       0x58 zephyr/drivers/clock_control/libdrivers__clock_control.a(clock_control_nrf.c.obj)
 .text.api_blocking_start
                0x00000000000101a8       0x3c zephyr/drivers/clock_control/libdrivers__clock_control.a(clock_control_nrf.c.obj)
 .text.clkstarted_handle.constprop.0
                0x00000000000101e4       0x4c zephyr/drivers/clock_control/libdrivers__clock_control.a(clock_control_nrf.c.obj)
 .text.generic_hfclk_start
                0x0000000000010230       0x7c zephyr/drivers/clock_control/libdrivers__clock_control.a(clock_control_nrf.c.obj)
 .text.clock_event_handler
                0x00000000000102ac       0x1c zephyr/drivers/clock_control/libdrivers__clock_control.a(clock_control_nrf.c.obj)
 .text.z_nrf_clock_control_lf_on
                0x00000000000102c8       0xf4 zephyr/drivers/clock_control/libdrivers__clock_control.a(clock_control_nrf.c.obj)
                0x00000000000102c8                z_nrf_clock_control_lf_on
 .text.uart_console_init
                0x00000000000103bc       0x28 zephyr/drivers/console/libdrivers__console.a(uart_console.c.obj)
 .text.console_out
                0x00000000000103e4       0x28 zephyr/drivers/console/libdrivers__console.a(uart_console.c.obj)
 .text.gpio_nrfx_init
                0x000000000001040c       0x48 zephyr/drivers/gpio/libdrivers__gpio.a(gpio_nrfx.c.obj)
 .text.nrfx_gpio_handler
                0x0000000000010454       0x3c zephyr/drivers/gpio/libdrivers__gpio.a(gpio_nrfx.c.obj)
 .text.gpio_nrfx_pin_configure
                0x0000000000010490      0x17c zephyr/drivers/gpio/libdrivers__gpio.a(gpio_nrfx.c.obj)
 .text.gpio_nrfx_pin_interrupt_configure
                0x000000000001060c       0xf4 zephyr/drivers/gpio/libdrivers__gpio.a(gpio_nrfx.c.obj)
 .text.pinctrl_configure_pins
                0x0000000000010700      0x17c zephyr/drivers/pinctrl/libdrivers__pinctrl.a(pinctrl_nrf.c.obj)
                0x0000000000010700                pinctrl_configure_pins
 .text.uarte_nrfx_poll_out
                0x000000000001087c       0xb4 zephyr/drivers/serial/libdrivers__serial.a(uart_nrfx_uarte.c.obj)
 .text.uarte_0_init
                0x0000000000010930      0x11c zephyr/drivers/serial/libdrivers__serial.a(uart_nrfx_uarte.c.obj)
 .text.compare_int_lock
                0x0000000000010a4c       0x40 zephyr/drivers/timer/libdrivers__timer.a(nrf_rtc_timer.c.obj)
 .text.sys_clock_timeout_handler
                0x0000000000010a8c       0x48 zephyr/drivers/timer/libdrivers__timer.a(nrf_rtc_timer.c.obj)
 .text.compare_int_unlock
                0x0000000000010ad4       0x4c zephyr/drivers/timer/libdrivers__timer.a(nrf_rtc_timer.c.obj)
 .text.z_nrf_rtc_timer_read
                0x0000000000010b20       0x44 zephyr/drivers/timer/libdrivers__timer.a(nrf_rtc_timer.c.obj)
                0x0000000000010b20                z_nrf_rtc_timer_read
 .text.compare_set
                0x0000000000010b64      0x124 zephyr/drivers/timer/libdrivers__timer.a(nrf_rtc_timer.c.obj)
 .text.sys_clock_driver_init
                0x0000000000010c88       0x90 zephyr/drivers/timer/libdrivers__timer.a(nrf_rtc_timer.c.obj)
 .text.rtc_nrf_isr
                0x0000000000010d18       0xd0 zephyr/drivers/timer/libdrivers__timer.a(nrf_rtc_timer.c.obj)
                0x0000000000010d18                rtc_nrf_isr
 .text.sys_clock_set_timeout
                0x0000000000010de8       0x5c zephyr/drivers/timer/libdrivers__timer.a(nrf_rtc_timer.c.obj)
                0x0000000000010de8                sys_clock_set_timeout
 .text.sys_clock_elapsed
                0x0000000000010e44       0x14 zephyr/drivers/timer/libdrivers__timer.a(nrf_rtc_timer.c.obj)
                0x0000000000010e44                sys_clock_elapsed
 .text.nrf_modem_lib_dfu_handler
                0x0000000000010e58       0x24 modules/nrf/lib/nrf_modem_lib/lib..__nrf__lib__nrf_modem_lib.a(nrf_modem_lib.c.obj)
 .text.nrf_modem_lib_init
                0x0000000000010e7c       0x50 modules/nrf/lib/nrf_modem_lib/lib..__nrf__lib__nrf_modem_lib.a(nrf_modem_lib.c.obj)
                0x0000000000010e7c                nrf_modem_lib_init
 .text.thread_monitor_entry_get
                0x0000000000010ecc       0x48 modules/nrf/lib/nrf_modem_lib/lib..__nrf__lib__nrf_modem_lib.a(nrf_modem_os.c.obj)
 .text.on_init  0x0000000000010f14       0x20 modules/nrf/lib/nrf_modem_lib/lib..__nrf__lib__nrf_modem_lib.a(nrf_modem_os.c.obj)
 .text.nrf_modem_os_timedwait
                0x0000000000010f34      0x190 modules/nrf/lib/nrf_modem_lib/lib..__nrf__lib__nrf_modem_lib.a(nrf_modem_os.c.obj)
                0x0000000000010f34                nrf_modem_os_timedwait
 .text.nrf_modem_os_errno_set
                0x00000000000110c4       0x14 modules/nrf/lib/nrf_modem_lib/lib..__nrf__lib__nrf_modem_lib.a(nrf_modem_os.c.obj)
                0x00000000000110c4                nrf_modem_os_errno_set
 .text.nrf_modem_os_sem_init
                0x00000000000110d8       0x44 modules/nrf/lib/nrf_modem_lib/lib..__nrf__lib__nrf_modem_lib.a(nrf_modem_os.c.obj)
                0x00000000000110d8                nrf_modem_os_sem_init
 .text.nrf_modem_os_mutex_init
                0x000000000001111c       0x34 modules/nrf/lib/nrf_modem_lib/lib..__nrf__lib__nrf_modem_lib.a(nrf_modem_os.c.obj)
                0x000000000001111c                nrf_modem_os_mutex_init
 .text.nrf_modem_os_event_notify
                0x0000000000011150       0x38 modules/nrf/lib/nrf_modem_lib/lib..__nrf__lib__nrf_modem_lib.a(nrf_modem_os.c.obj)
                0x0000000000011150                nrf_modem_os_event_notify
 .text.nrf_modem_os_alloc
                0x0000000000011188       0x10 modules/nrf/lib/nrf_modem_lib/lib..__nrf__lib__nrf_modem_lib.a(nrf_modem_os.c.obj)
                0x0000000000011188                nrf_modem_os_alloc
 .text.nrf_modem_os_free
                0x0000000000011198        0xc modules/nrf/lib/nrf_modem_lib/lib..__nrf__lib__nrf_modem_lib.a(nrf_modem_os.c.obj)
                0x0000000000011198                nrf_modem_os_free
 .text.nrf_modem_os_shm_tx_alloc
                0x00000000000111a4       0x10 modules/nrf/lib/nrf_modem_lib/lib..__nrf__lib__nrf_modem_lib.a(nrf_modem_os.c.obj)
                0x00000000000111a4                nrf_modem_os_shm_tx_alloc
 .text.nrf_modem_os_shm_tx_free
                0x00000000000111b4        0xc modules/nrf/lib/nrf_modem_lib/lib..__nrf__lib__nrf_modem_lib.a(nrf_modem_os.c.obj)
                0x00000000000111b4                nrf_modem_os_shm_tx_free
 .text.nrf_modem_os_init
                0x00000000000111c0       0x30 modules/nrf/lib/nrf_modem_lib/lib..__nrf__lib__nrf_modem_lib.a(nrf_modem_os.c.obj)
                0x00000000000111c0                nrf_modem_os_init
 .text.nrf_modem_os_shutdown
                0x00000000000111f0       0x18 modules/nrf/lib/nrf_modem_lib/lib..__nrf__lib__nrf_modem_lib.a(nrf_modem_os.c.obj)
                0x00000000000111f0                nrf_modem_os_shutdown
 .text.cfun_callback
                0x0000000000011208       0x24 modules/nrf/lib/nrf_modem_lib/lib..__nrf__lib__nrf_modem_lib.a(cfun_hooks.c.obj)
 .text.on_modem_init
                0x000000000001122c        0xc modules/nrf/lib/nrf_modem_lib/lib..__nrf__lib__nrf_modem_lib.a(cfun_hooks.c.obj)
 .text.z_to_nrf_optname
                0x0000000000011238       0xdc modules/nrf/lib/nrf_modem_lib/lib..__nrf__lib__nrf_modem_lib.a(nrf9x_sockets.c.obj)
 .text.nrf9x_socket_offload_init
                0x0000000000011314       0x24 modules/nrf/lib/nrf_modem_lib/lib..__nrf__lib__nrf_modem_lib.a(nrf9x_sockets.c.obj)
 .text.nrf9x_socket_offload_setsockopt
                0x0000000000011338       0x90 modules/nrf/lib/nrf_modem_lib/lib..__nrf__lib__nrf_modem_lib.a(nrf9x_sockets.c.obj)
 .text.nrf9x_socket_offload_getsockopt
                0x00000000000113c8       0xa4 modules/nrf/lib/nrf_modem_lib/lib..__nrf__lib__nrf_modem_lib.a(nrf9x_sockets.c.obj)
 .text.nrf9x_socket_is_supported
                0x000000000001146c       0x38 modules/nrf/lib/nrf_modem_lib/lib..__nrf__lib__nrf_modem_lib.a(nrf9x_sockets.c.obj)
 .text.pollcb   0x00000000000114a4       0x30 modules/nrf/lib/nrf_modem_lib/lib..__nrf__lib__nrf_modem_lib.a(nrf9x_sockets.c.obj)
 .text.nrf9x_socket_offload_sendto
                0x00000000000114d4       0xb0 modules/nrf/lib/nrf_modem_lib/lib..__nrf__lib__nrf_modem_lib.a(nrf9x_sockets.c.obj)
 .text.nrf9x_socket_offload_sendmsg
                0x0000000000011584      0x118 modules/nrf/lib/nrf_modem_lib/lib..__nrf__lib__nrf_modem_lib.a(nrf9x_sockets.c.obj)
 .text.allocate_ctx
                0x000000000001169c       0x44 modules/nrf/lib/nrf_modem_lib/lib..__nrf__lib__nrf_modem_lib.a(nrf9x_sockets.c.obj)
 .text.release_ctx
                0x00000000000116e0       0x2c modules/nrf/lib/nrf_modem_lib/lib..__nrf__lib__nrf_modem_lib.a(nrf9x_sockets.c.obj)
 .text.nrf9x_iface_api_init
                0x000000000001170c       0x38 modules/nrf/lib/nrf_modem_lib/lib..__nrf__lib__nrf_modem_lib.a(nrf9x_sockets.c.obj)
 .text.nrf9x_socket_offload_ioctl
                0x0000000000011744      0x114 modules/nrf/lib/nrf_modem_lib/lib..__nrf__lib__nrf_modem_lib.a(nrf9x_sockets.c.obj)
 .text.nrf9x_socket_create
                0x0000000000011858       0xa0 modules/nrf/lib/nrf_modem_lib/lib..__nrf__lib__nrf_modem_lib.a(nrf9x_sockets.c.obj)
 .text.nrf9x_socket_offload_accept
                0x00000000000118f8       0xec modules/nrf/lib/nrf_modem_lib/lib..__nrf__lib__nrf_modem_lib.a(nrf9x_sockets.c.obj)
 .text.nrf9x_socket_offload_bind
                0x00000000000119e4       0x70 modules/nrf/lib/nrf_modem_lib/lib..__nrf__lib__nrf_modem_lib.a(nrf9x_sockets.c.obj)
 .text.nrf_modem_fault_handler
                0x0000000000011a54       0x20 modules/nrf/lib/nrf_modem_lib/lib..__nrf__lib__nrf_modem_lib.a(fault.c.obj)
                0x0000000000011a54                nrf_modem_fault_handler
 .text.at_monitor_sys_init
                0x0000000000011a74       0x28 modules/nrf/lib/at_monitor/lib..__nrf__lib__at_monitor.a(at_monitor.c.obj)
 .text.at_monitor_dispatch
                0x0000000000011a9c       0xbc modules/nrf/lib/at_monitor/lib..__nrf__lib__at_monitor.a(at_monitor.c.obj)
                0x0000000000011a9c                at_monitor_dispatch
 .text.at_monitor_task
                0x0000000000011b58       0x64 modules/nrf/lib/at_monitor/lib..__nrf__lib__at_monitor.a(at_monitor.c.obj)
 .text.at_parser_check
                0x0000000000011bbc       0x28 modules/nrf/lib/at_parser/lib..__nrf__lib__at_parser.a(at_parser.c.obj)
 .text.at_parser_tok
                0x0000000000011be4      0x148 modules/nrf/lib/at_parser/lib..__nrf__lib__at_parser.a(at_parser.c.obj)
 .text.at_parser_num_get_impl
                0x0000000000011d2c       0xf4 modules/nrf/lib/at_parser/lib..__nrf__lib__at_parser.a(at_parser.c.obj)
 .text.at_parser_init
                0x0000000000011e20       0x20 modules/nrf/lib/at_parser/lib..__nrf__lib__at_parser.a(at_parser.c.obj)
                0x0000000000011e20                at_parser_init
 .text.at_match_str
                0x0000000000011e40       0x84 modules/nrf/lib/at_parser/lib..__nrf__lib__at_parser.a(at_match.c.obj)
                0x0000000000011e40                at_match_str
 .text.lte_lc_register_handler
                0x0000000000011ec4       0x18 modules/nrf/lib/lte_link_control/lib..__nrf__lib__lte_link_control.a(lte_lc.c.obj)
                0x0000000000011ec4                lte_lc_register_handler
 .text.lte_lc_connect_async
                0x0000000000011edc       0x34 modules/nrf/lib/lte_link_control/lib..__nrf__lib__lte_link_control.a(lte_lc.c.obj)
                0x0000000000011edc                lte_lc_connect_async
 .text.lte_lc_on_modem_cfun
                0x0000000000011f10       0x24 modules/nrf/lib/lte_link_control/lib..__nrf__lib__lte_link_control.a(lte_lc_modem_hooks.c.obj)
 .text.on_modem_init.part.0
                0x0000000000011f34       0x14 modules/nrf/lib/lte_link_control/lib..__nrf__lib__lte_link_control.a(lte_lc_modem_hooks.c.obj)
 .text.on_modem_init
                0x0000000000011f48       0x4c modules/nrf/lib/lte_link_control/lib..__nrf__lib__lte_link_control.a(lte_lc_modem_hooks.c.obj)
 .text.k_mutex_unlock.constprop.0.isra.0
                0x0000000000011f94        0xc modules/nrf/lib/lte_link_control/lib..__nrf__lib__lte_link_control.a(event_handler_list.c.obj)
 .text.event_handler_list_handler_append
                0x0000000000011fa0       0x58 modules/nrf/lib/lte_link_control/lib..__nrf__lib__lte_link_control.a(event_handler_list.c.obj)
                0x0000000000011fa0                event_handler_list_handler_append
 .text.event_handler_list_dispatch
                0x0000000000011ff8       0x48 modules/nrf/lib/lte_link_control/lib..__nrf__lib__lte_link_control.a(event_handler_list.c.obj)
                0x0000000000011ff8                event_handler_list_dispatch
 .text.event_handler_list_is_empty
                0x0000000000012040       0x10 modules/nrf/lib/lte_link_control/lib..__nrf__lib__lte_link_control.a(event_handler_list.c.obj)
                0x0000000000012040                event_handler_list_is_empty
 .text.work_q_start
                0x0000000000012050       0x30 modules/nrf/lib/lte_link_control/lib..__nrf__lib__lte_link_control.a(work_q.c.obj)
                0x0000000000012050                work_q_start
 .text.at_handler_cereg
                0x0000000000012080      0x268 modules/nrf/lib/lte_link_control/lib..__nrf__lib__lte_link_control.a(cereg.c.obj)
 .text.cereg_status_get
                0x00000000000122e8       0x58 modules/nrf/lib/lte_link_control/lib..__nrf__lib__lte_link_control.a(cereg.c.obj)
                0x00000000000122e8                cereg_status_get
 .text.cereg_lte_connect
                0x0000000000012340       0xd0 modules/nrf/lib/lte_link_control/lib..__nrf__lib__lte_link_control.a(cereg.c.obj)
                0x0000000000012340                cereg_lte_connect
 .text.cereg_notifications_enable
                0x0000000000012410       0x28 modules/nrf/lib/lte_link_control/lib..__nrf__lib__lte_link_control.a(cereg.c.obj)
                0x0000000000012410                cereg_notifications_enable
 .text.cfun_mode_get
                0x0000000000012438       0x4c modules/nrf/lib/lte_link_control/lib..__nrf__lib__lte_link_control.a(cfun.c.obj)
                0x0000000000012438                cfun_mode_get
 .text.cfun_mode_set
                0x0000000000012484       0x90 modules/nrf/lib/lte_link_control/lib..__nrf__lib__lte_link_control.a(cfun.c.obj)
                0x0000000000012484                cfun_mode_set
 .text.at_handler_cscon
                0x0000000000012514       0x7c modules/nrf/lib/lte_link_control/lib..__nrf__lib__lte_link_control.a(cscon.c.obj)
 .text.cscon_notifications_enable
                0x0000000000012590       0x28 modules/nrf/lib/lte_link_control/lib..__nrf__lib__lte_link_control.a(cscon.c.obj)
                0x0000000000012590                cscon_notifications_enable
 .text.at_handler_mdmev
                0x00000000000125b8       0x58 modules/nrf/lib/lte_link_control/lib..__nrf__lib__lte_link_control.a(mdmev.c.obj)
 .text.xsystemmode_mode_set
                0x0000000000012610       0x7c modules/nrf/lib/lte_link_control/lib..__nrf__lib__lte_link_control.a(xsystemmode.c.obj)
                0x0000000000012610                xsystemmode_mode_set
 .text.date_time_now.part.0
                0x000000000001268c       0x1c modules/nrf/lib/date_time/lib..__nrf__lib__date_time.a(date_time.c.obj)
 .text.date_time_now
                0x00000000000126a8       0x38 modules/nrf/lib/date_time/lib..__nrf__lib__date_time.a(date_time.c.obj)
                0x00000000000126a8                date_time_now
 .text.date_time_core_notify_event
                0x00000000000126e0       0x1c modules/nrf/lib/date_time/lib..__nrf__lib__date_time.a(date_time_core.c.obj)
 .text.date_time_lte_ind_handler
                0x00000000000126fc       0x34 modules/nrf/lib/date_time/lib..__nrf__lib__date_time.a(date_time_core.c.obj)
                0x00000000000126fc                date_time_lte_ind_handler
 .text.date_time_core_now.part.0
                0x0000000000012730       0x28 modules/nrf/lib/date_time/lib..__nrf__lib__date_time.a(date_time_core.c.obj)
 .text.date_time_core_schedule_work.isra.0
                0x0000000000012758       0x50 modules/nrf/lib/date_time/lib..__nrf__lib__date_time.a(date_time_core.c.obj)
 .text.date_time_core_schedule_update
                0x00000000000127a8       0x1c modules/nrf/lib/date_time/lib..__nrf__lib__date_time.a(date_time_core.c.obj)
 .text.date_time_core_init
                0x00000000000127c4       0x38 modules/nrf/lib/date_time/lib..__nrf__lib__date_time.a(date_time_core.c.obj)
                0x00000000000127c4                date_time_core_init
 .text.date_time_core_now
                0x00000000000127fc       0x40 modules/nrf/lib/date_time/lib..__nrf__lib__date_time.a(date_time_core.c.obj)
                0x00000000000127fc                date_time_core_now
 .text.date_time_core_is_valid
                0x000000000001283c       0x14 modules/nrf/lib/date_time/lib..__nrf__lib__date_time.a(date_time_core.c.obj)
                0x000000000001283c                date_time_core_is_valid
 .text.date_time_core_current_check
                0x0000000000012850       0x4c modules/nrf/lib/date_time/lib..__nrf__lib__date_time.a(date_time_core.c.obj)
                0x0000000000012850                date_time_core_current_check
 .text.date_time_core_store_tz
                0x000000000001289c       0xc4 modules/nrf/lib/date_time/lib..__nrf__lib__date_time.a(date_time_core.c.obj)
                0x000000000001289c                date_time_core_store_tz
 .text.date_time_core_store
                0x0000000000012960        0xc modules/nrf/lib/date_time/lib..__nrf__lib__date_time.a(date_time_core.c.obj)
                0x0000000000012960                date_time_core_store
 .text.date_time_update_work_fn
                0x000000000001296c       0x98 modules/nrf/lib/date_time/lib..__nrf__lib__date_time.a(date_time_core.c.obj)
 .text.date_time_ntp_get
                0x0000000000012a04      0x108 modules/nrf/lib/date_time/lib..__nrf__lib__date_time.a(date_time_ntp.c.obj)
                0x0000000000012a04                date_time_ntp_get
 .text.date_time_modem_xtime_subscribe_work_fn
                0x0000000000012b0c       0x28 modules/nrf/lib/date_time/lib..__nrf__lib__date_time.a(date_time_modem.c.obj)
                0x0000000000012b0c                date_time_modem_xtime_subscribe_work_fn
 .text.date_time_modem_on_cfun
                0x0000000000012b34       0x1c modules/nrf/lib/date_time/lib..__nrf__lib__date_time.a(date_time_modem.c.obj)
 .text.date_time_at_xtime_handler
                0x0000000000012b50      0x190 modules/nrf/lib/date_time/lib..__nrf__lib__date_time.a(date_time_modem.c.obj)
 .text.date_time_modem_get
                0x0000000000012ce0       0x8c modules/nrf/lib/date_time/lib..__nrf__lib__date_time.a(date_time_modem.c.obj)
                0x0000000000012ce0                date_time_modem_get
 .text.date_time_modem_store
                0x0000000000012d6c       0x58 modules/nrf/lib/date_time/lib..__nrf__lib__date_time.a(date_time_modem.c.obj)
                0x0000000000012d6c                date_time_modem_store
 .text.set_antenna_configuration.part.0
                0x0000000000012dc4       0x2c modules/nrf/lib/modem_antenna/lib..__nrf__lib__modem_antenna.a(modem_antenna.c.obj)
 .text.on_modem_lib_init
                0x0000000000012df0       0x3c modules/nrf/lib/modem_antenna/lib..__nrf__lib__modem_antenna.a(modem_antenna.c.obj)
 .text.ns_fault_init
                0x0000000000012e2c       0x30 modules/nrf/modules/trusted-firmware-m/lib..__nrf__modules__trusted-firmware-m.a(fault.c.obj)
 .text.arm_fault
                0x0000000000012e5c      0x24c modules/nrf/modules/trusted-firmware-m/lib..__nrf__modules__trusted-firmware-m.a(fault.c.obj)
                0x0000000000012e5c                arm_fault
 .text.tfm_ns_fault_handler_callback
                0x00000000000130a8       0x48 modules/nrf/modules/trusted-firmware-m/lib..__nrf__modules__trusted-firmware-m.a(fault.c.obj)
                0x00000000000130a8                tfm_ns_fault_handler_callback
 .text.tfm_ns_interface_dispatch
                0x00000000000130f0       0x68 modules/trusted-firmware-m/libtfm_api.a(interface.c.obj)
                0x00000000000130f0                tfm_ns_interface_dispatch
 .text.tfm_platform_ioctl
                0x0000000000013158       0x4c modules/trusted-firmware-m/libtfm_api.a(tfm_platform_api.c.obj)
                0x0000000000013158                tfm_platform_ioctl
 .text.psa_generate_random
                0x00000000000131a4       0x48 modules/trusted-firmware-m/libtfm_api.a(tfm_crypto_api.c.obj)
                0x00000000000131a4                psa_generate_random
 .text.psa_call
                0x00000000000131ec       0x34 modules/trusted-firmware-m/libtfm_api.a(tfm_tz_psa_ns_api.c.obj)
                0x00000000000131ec                psa_call
 .text.nrfx_flag32_alloc
                0x0000000000013220       0x40 modules/hal_nordic/nrfx/libmodules__hal_nordic__nrfx.a(nrfx_flag32_allocator.c.obj)
                0x0000000000013220                nrfx_flag32_alloc
 .text.nrfx_flag32_free
                0x0000000000013260       0x38 modules/hal_nordic/nrfx/libmodules__hal_nordic__nrfx.a(nrfx_flag32_allocator.c.obj)
                0x0000000000013260                nrfx_flag32_free
 .text.nrfx_gppi_channels_enable
                0x0000000000013298        0xc modules/hal_nordic/nrfx/libmodules__hal_nordic__nrfx.a(nrfx_gppi_dppi.c.obj)
                0x0000000000013298                nrfx_gppi_channels_enable
 .text.nrfx_gppi_channel_alloc
                0x00000000000132a4        0xc modules/hal_nordic/nrfx/libmodules__hal_nordic__nrfx.a(nrfx_gppi_dppi.c.obj)
                0x00000000000132a4                nrfx_gppi_channel_alloc
 .text.clock_stop
                0x00000000000132b0       0xb0 modules/hal_nordic/nrfx/libmodules__hal_nordic__nrfx.a(nrfx_clock.c.obj)
 .text.nrfx_clock_init
                0x0000000000013360       0x20 modules/hal_nordic/nrfx/libmodules__hal_nordic__nrfx.a(nrfx_clock.c.obj)
                0x0000000000013360                nrfx_clock_init
 .text.nrfx_clock_enable
                0x0000000000013380       0x28 modules/hal_nordic/nrfx/libmodules__hal_nordic__nrfx.a(nrfx_clock.c.obj)
                0x0000000000013380                nrfx_clock_enable
 .text.nrfx_clock_start
                0x00000000000133a8       0xb8 modules/hal_nordic/nrfx/libmodules__hal_nordic__nrfx.a(nrfx_clock.c.obj)
                0x00000000000133a8                nrfx_clock_start
 .text.nrfx_power_clock_irq_handler
                0x0000000000013460       0x64 modules/hal_nordic/nrfx/libmodules__hal_nordic__nrfx.a(nrfx_clock.c.obj)
                0x0000000000013460                nrfx_power_clock_irq_handler
 .text.nrfx_dppi_channel_alloc
                0x00000000000134c4       0x10 modules/hal_nordic/nrfx/libmodules__hal_nordic__nrfx.a(nrfx_dppi.c.obj)
                0x00000000000134c4                nrfx_dppi_channel_alloc
 .text.nrf_gpio_pin_port_decode
                0x00000000000134d4       0x18 modules/hal_nordic/nrfx/libmodules__hal_nordic__nrfx.a(nrfx_gpiote.c.obj)
 .text.release_handler
                0x00000000000134ec       0x6c modules/hal_nordic/nrfx/libmodules__hal_nordic__nrfx.a(nrfx_gpiote.c.obj)
 .text.pin_te_get.isra.0
                0x0000000000013558       0x18 modules/hal_nordic/nrfx/libmodules__hal_nordic__nrfx.a(nrfx_gpiote.c.obj)
 .text.pin_is_input.isra.0
                0x0000000000013570       0x20 modules/hal_nordic/nrfx/libmodules__hal_nordic__nrfx.a(nrfx_gpiote.c.obj)
 .text.pin_in_use_by_te.isra.0
                0x0000000000013590       0x1c modules/hal_nordic/nrfx/libmodules__hal_nordic__nrfx.a(nrfx_gpiote.c.obj)
 .text.latch_pending_read_and_check
                0x00000000000135ac       0x1c modules/hal_nordic/nrfx/libmodules__hal_nordic__nrfx.a(nrfx_gpiote.c.obj)
 .text.__nrfy_internal_gpiote_events_process.constprop.0
                0x00000000000135c8       0x5c modules/hal_nordic/nrfx/libmodules__hal_nordic__nrfx.a(nrfx_gpiote.c.obj)
 .text.irq_handler.constprop.0
                0x0000000000013624      0x15c modules/hal_nordic/nrfx/libmodules__hal_nordic__nrfx.a(nrfx_gpiote.c.obj)
 .text.pin_uninit
                0x0000000000013780       0xa0 modules/hal_nordic/nrfx/libmodules__hal_nordic__nrfx.a(nrfx_gpiote.c.obj)
 .text.nrfx_gpiote_input_configure
                0x0000000000013820      0x1f8 modules/hal_nordic/nrfx/libmodules__hal_nordic__nrfx.a(nrfx_gpiote.c.obj)
                0x0000000000013820                nrfx_gpiote_input_configure
 .text.nrfx_gpiote_output_configure
                0x0000000000013a18      0x130 modules/hal_nordic/nrfx/libmodules__hal_nordic__nrfx.a(nrfx_gpiote.c.obj)
                0x0000000000013a18                nrfx_gpiote_output_configure
 .text.nrfx_gpiote_global_callback_set
                0x0000000000013b48       0x1c modules/hal_nordic/nrfx/libmodules__hal_nordic__nrfx.a(nrfx_gpiote.c.obj)
                0x0000000000013b48                nrfx_gpiote_global_callback_set
 .text.nrfx_gpiote_channel_get
                0x0000000000013b64       0x38 modules/hal_nordic/nrfx/libmodules__hal_nordic__nrfx.a(nrfx_gpiote.c.obj)
                0x0000000000013b64                nrfx_gpiote_channel_get
 .text.nrfx_gpiote_init
                0x0000000000013b9c       0x78 modules/hal_nordic/nrfx/libmodules__hal_nordic__nrfx.a(nrfx_gpiote.c.obj)
                0x0000000000013b9c                nrfx_gpiote_init
 .text.nrfx_gpiote_init_check
                0x0000000000013c14       0x1c modules/hal_nordic/nrfx/libmodules__hal_nordic__nrfx.a(nrfx_gpiote.c.obj)
                0x0000000000013c14                nrfx_gpiote_init_check
 .text.nrfx_gpiote_channel_free
                0x0000000000013c30       0x18 modules/hal_nordic/nrfx/libmodules__hal_nordic__nrfx.a(nrfx_gpiote.c.obj)
                0x0000000000013c30                nrfx_gpiote_channel_free
 .text.nrfx_gpiote_channel_alloc
                0x0000000000013c48       0x18 modules/hal_nordic/nrfx/libmodules__hal_nordic__nrfx.a(nrfx_gpiote.c.obj)
                0x0000000000013c48                nrfx_gpiote_channel_alloc
 .text.nrfx_gpiote_trigger_enable
                0x0000000000013c60       0xb0 modules/hal_nordic/nrfx/libmodules__hal_nordic__nrfx.a(nrfx_gpiote.c.obj)
                0x0000000000013c60                nrfx_gpiote_trigger_enable
 .text.nrfx_gpiote_1_irq_handler
                0x0000000000013d10        0xc modules/hal_nordic/nrfx/libmodules__hal_nordic__nrfx.a(nrfx_gpiote.c.obj)
                0x0000000000013d10                nrfx_gpiote_1_irq_handler
 .text.nrfx_ipc_init
                0x0000000000013d1c       0x30 modules/hal_nordic/nrfx/libmodules__hal_nordic__nrfx.a(nrfx_ipc.c.obj)
                0x0000000000013d1c                nrfx_ipc_init
 .text.nrfx_ipc_config_load
                0x0000000000013d4c       0x40 modules/hal_nordic/nrfx/libmodules__hal_nordic__nrfx.a(nrfx_ipc.c.obj)
                0x0000000000013d4c                nrfx_ipc_config_load
 .text.nrfx_ipc_uninit
                0x0000000000013d8c       0x64 modules/hal_nordic/nrfx/libmodules__hal_nordic__nrfx.a(nrfx_ipc.c.obj)
                0x0000000000013d8c                nrfx_ipc_uninit
 .text.nrfx_ipc_receive_event_enable
                0x0000000000013df0       0x10 modules/hal_nordic/nrfx/libmodules__hal_nordic__nrfx.a(nrfx_ipc.c.obj)
                0x0000000000013df0                nrfx_ipc_receive_event_enable
 .text.nrfx_ipc_receive_event_disable
                0x0000000000013e00       0x10 modules/hal_nordic/nrfx/libmodules__hal_nordic__nrfx.a(nrfx_ipc.c.obj)
                0x0000000000013e00                nrfx_ipc_receive_event_disable
 .text.nrfx_ipc_irq_handler
                0x0000000000013e10       0x40 modules/hal_nordic/nrfx/libmodules__hal_nordic__nrfx.a(nrfx_ipc.c.obj)
                0x0000000000013e10                nrfx_ipc_irq_handler
 .text._DoInit  0x0000000000013e50       0x60 modules/segger/libmodules__segger.a(SEGGER_RTT.c.obj)
 .text.SEGGER_RTT_WriteSkipNoLock
                0x0000000000013eb0       0x88 modules/segger/libmodules__segger.a(SEGGER_RTT.c.obj)
                0x0000000000013eb0                SEGGER_RTT_WriteSkipNoLock
 .text.SEGGER_RTT_HasDataUp
                0x0000000000013f38       0x14 modules/segger/libmodules__segger.a(SEGGER_RTT.c.obj)
                0x0000000000013f38                SEGGER_RTT_HasDataUp
 .text.zephyr_rtt_mutex_lock
                0x0000000000013f4c       0x14 modules/segger/libmodules__segger.a(SEGGER_RTT_zephyr.c.obj)
                0x0000000000013f4c                zephyr_rtt_mutex_lock
 .text.zephyr_rtt_mutex_unlock
                0x0000000000013f60        0xc modules/segger/libmodules__segger.a(SEGGER_RTT_zephyr.c.obj)
                0x0000000000013f60                zephyr_rtt_mutex_unlock
 .text.modem_off
                0x0000000000013f6c       0x28 C:/ncs/v2.9.2/nrfxlib/nrf_modem/lib/cellular/nrf9120/soft-float/libmodem.a(nrf_modem.c.obj)
 .text.nrf_modem_platform_init
                0x0000000000013f94       0x3c C:/ncs/v2.9.2/nrfxlib/nrf_modem/lib/cellular/nrf9120/soft-float/libmodem.a(nrf_modem.c.obj)
 .text.atomic_set.constprop.0.isra.0
                0x0000000000013fd0       0x14 C:/ncs/v2.9.2/nrfxlib/nrf_modem/lib/cellular/nrf9120/soft-float/libmodem.a(nrf_modem.c.obj)
 .text.nrf_modem_init
                0x0000000000013fe4       0xcc C:/ncs/v2.9.2/nrfxlib/nrf_modem/lib/cellular/nrf9120/soft-float/libmodem.a(nrf_modem.c.obj)
                0x0000000000013fe4                nrf_modem_init
 .text.nrf_modem_fault_handler_set
                0x00000000000140b0        0xc C:/ncs/v2.9.2/nrfxlib/nrf_modem/lib/cellular/nrf9120/soft-float/libmodem.a(nrf_modem_fault.c.obj)
                0x00000000000140b0                nrf_modem_fault_handler_set
 .text.nrf_modem_fault_handler_internal
                0x00000000000140bc       0x18 C:/ncs/v2.9.2/nrfxlib/nrf_modem/lib/cellular/nrf9120/soft-float/libmodem.a(nrf_modem_fault.c.obj)
                0x00000000000140bc                nrf_modem_fault_handler_internal
 .text.nrf_modem_state_set
                0x00000000000140d4        0xc C:/ncs/v2.9.2/nrfxlib/nrf_modem/lib/cellular/nrf9120/soft-float/libmodem.a(nrf_modem_state.c.obj)
                0x00000000000140d4                nrf_modem_state_set
 .text.nrf_modem_state_is_initialized
                0x00000000000140e0       0x10 C:/ncs/v2.9.2/nrfxlib/nrf_modem/lib/cellular/nrf9120/soft-float/libmodem.a(nrf_modem_state.c.obj)
                0x00000000000140e0                nrf_modem_state_is_initialized
 .text.rpc_handle_data_message
                0x00000000000140f0       0x38 C:/ncs/v2.9.2/nrfxlib/nrf_modem/lib/cellular/nrf9120/soft-float/libmodem.a(rpc_framework.c.obj)
                0x00000000000140f0                rpc_handle_data_message
 .text.rpc_transport_init
                0x0000000000014128        0xc C:/ncs/v2.9.2/nrfxlib/nrf_modem/lib/cellular/nrf9120/soft-float/libmodem.a(rpc_transport.c.obj)
                0x0000000000014128                rpc_transport_init
 .text.rpc_transport_msg_alloc
                0x0000000000014134        0xc C:/ncs/v2.9.2/nrfxlib/nrf_modem/lib/cellular/nrf9120/soft-float/libmodem.a(rpc_transport.c.obj)
                0x0000000000014134                rpc_transport_msg_alloc
 .text.rpc_transport_msg_data_tx_size
                0x0000000000014140        0xc C:/ncs/v2.9.2/nrfxlib/nrf_modem/lib/cellular/nrf9120/soft-float/libmodem.a(rpc_transport.c.obj)
                0x0000000000014140                rpc_transport_msg_data_tx_size
 .text.rpc_transport_msg_data_rx_free
                0x000000000001414c        0xc C:/ncs/v2.9.2/nrfxlib/nrf_modem/lib/cellular/nrf9120/soft-float/libmodem.a(rpc_transport.c.obj)
                0x000000000001414c                rpc_transport_msg_data_rx_free
 .text.rpc_transport_msg_send
                0x0000000000014158        0xc C:/ncs/v2.9.2/nrfxlib/nrf_modem/lib/cellular/nrf9120/soft-float/libmodem.a(rpc_transport.c.obj)
                0x0000000000014158                rpc_transport_msg_send
 .text.rpc_transport_data_rx_suspend
                0x0000000000014164        0xc C:/ncs/v2.9.2/nrfxlib/nrf_modem/lib/cellular/nrf9120/soft-float/libmodem.a(rpc_transport.c.obj)
                0x0000000000014164                rpc_transport_data_rx_suspend
 .text.rpc_transport_data_rx_resume
                0x0000000000014170        0xc C:/ncs/v2.9.2/nrfxlib/nrf_modem/lib/cellular/nrf9120/soft-float/libmodem.a(rpc_transport.c.obj)
                0x0000000000014170                rpc_transport_data_rx_resume
 .text.rpc_transport_ipc_msg_data_tx_size
                0x000000000001417c        0xc C:/ncs/v2.9.2/nrfxlib/nrf_modem/lib/cellular/nrf9120/soft-float/libmodem.a(rpc_transport_ipc.c.obj)
 .text.rpc_transport_ipc_msg_tx_free
                0x0000000000014188       0x38 C:/ncs/v2.9.2/nrfxlib/nrf_modem/lib/cellular/nrf9120/soft-float/libmodem.a(rpc_transport_ipc.c.obj)
 .text.handle_modem_rpc_msg
                0x00000000000141c0       0x68 C:/ncs/v2.9.2/nrfxlib/nrf_modem/lib/cellular/nrf9120/soft-float/libmodem.a(rpc_transport_ipc.c.obj)
 .text.rpc_message_handler
                0x0000000000014228       0x24 C:/ncs/v2.9.2/nrfxlib/nrf_modem/lib/cellular/nrf9120/soft-float/libmodem.a(rpc_transport_ipc.c.obj)
 .text.ipc_irq_handler
                0x000000000001424c       0xec C:/ncs/v2.9.2/nrfxlib/nrf_modem/lib/cellular/nrf9120/soft-float/libmodem.a(rpc_transport_ipc.c.obj)
                0x000000000001424c                ipc_irq_handler
 .text.rpc_transport_ipc_ctrl_msg_alloc
                0x0000000000014338       0x44 C:/ncs/v2.9.2/nrfxlib/nrf_modem/lib/cellular/nrf9120/soft-float/libmodem.a(rpc_transport_ipc.c.obj)
 .text.rpc_transport_ipc_data_msg_alloc
                0x000000000001437c       0x24 C:/ncs/v2.9.2/nrfxlib/nrf_modem/lib/cellular/nrf9120/soft-float/libmodem.a(rpc_transport_ipc.c.obj)
 .text.rpc_transport_ipc_data_msg_send
                0x00000000000143a0       0x6c C:/ncs/v2.9.2/nrfxlib/nrf_modem/lib/cellular/nrf9120/soft-float/libmodem.a(rpc_transport_ipc.c.obj)
 .text.rpc_transport_ipc_init
                0x000000000001440c      0x1d4 C:/ncs/v2.9.2/nrfxlib/nrf_modem/lib/cellular/nrf9120/soft-float/libmodem.a(rpc_transport_ipc.c.obj)
 .text.rpc_transport_ipc_ctrl_msg_send
                0x00000000000145e0       0x6c C:/ncs/v2.9.2/nrfxlib/nrf_modem/lib/cellular/nrf9120/soft-float/libmodem.a(rpc_transport_ipc.c.obj)
 .text.rpc_transport_ipc_request_shutdown
                0x000000000001464c       0x38 C:/ncs/v2.9.2/nrfxlib/nrf_modem/lib/cellular/nrf9120/soft-float/libmodem.a(rpc_transport_ipc.c.obj)
 .text.rpc_transport_ipc_msg_data_rx_free
                0x0000000000014684       0x30 C:/ncs/v2.9.2/nrfxlib/nrf_modem/lib/cellular/nrf9120/soft-float/libmodem.a(rpc_transport_ipc.c.obj)
 .text.cfun_post_modem
                0x00000000000146b4       0x14 C:/ncs/v2.9.2/nrfxlib/nrf_modem/lib/cellular/nrf9120/soft-float/libmodem.a(nrf_modem_at.c.obj)
 .text.at_cmd_vsprintf
                0x00000000000146c8       0x50 C:/ncs/v2.9.2/nrfxlib/nrf_modem/lib/cellular/nrf9120/soft-float/libmodem.a(nrf_modem_at.c.obj)
 .text.cfun_pre_modem
                0x0000000000014718       0x44 C:/ncs/v2.9.2/nrfxlib/nrf_modem/lib/cellular/nrf9120/soft-float/libmodem.a(nrf_modem_at.c.obj)
 .text.at_cmd_send
                0x000000000001475c       0x68 C:/ncs/v2.9.2/nrfxlib/nrf_modem/lib/cellular/nrf9120/soft-float/libmodem.a(nrf_modem_at.c.obj)
 .text.at_response_match
                0x00000000000147c4       0x48 C:/ncs/v2.9.2/nrfxlib/nrf_modem/lib/cellular/nrf9120/soft-float/libmodem.a(nrf_modem_at.c.obj)
 .text.nrf_modem_at_notif_handler_set
                0x000000000001480c        0xc C:/ncs/v2.9.2/nrfxlib/nrf_modem/lib/cellular/nrf9120/soft-float/libmodem.a(nrf_modem_at.c.obj)
                0x000000000001480c                nrf_modem_at_notif_handler_set
 .text.nrf_modem_at_cfun_handler_set
                0x0000000000014818        0xc C:/ncs/v2.9.2/nrfxlib/nrf_modem/lib/cellular/nrf9120/soft-float/libmodem.a(nrf_modem_at.c.obj)
                0x0000000000014818                nrf_modem_at_cfun_handler_set
 .text.nrf_modem_at_printf
                0x0000000000014824       0xc8 C:/ncs/v2.9.2/nrfxlib/nrf_modem/lib/cellular/nrf9120/soft-float/libmodem.a(nrf_modem_at.c.obj)
                0x0000000000014824                nrf_modem_at_printf
 .text.nrf_modem_at_scanf
                0x00000000000148ec       0xf4 C:/ncs/v2.9.2/nrfxlib/nrf_modem/lib/cellular/nrf9120/soft-float/libmodem.a(nrf_modem_at.c.obj)
                0x00000000000148ec                nrf_modem_at_scanf
 .text.rpc_at_event_handler
                0x00000000000149e0       0x88 C:/ncs/v2.9.2/nrfxlib/nrf_modem/lib/cellular/nrf9120/soft-float/libmodem.a(nrf_modem_at.c.obj)
                0x00000000000149e0                rpc_at_event_handler
 .text.rpc_at_init
                0x0000000000014a68       0x40 C:/ncs/v2.9.2/nrfxlib/nrf_modem/lib/cellular/nrf9120/soft-float/libmodem.a(nrf_modem_at.c.obj)
                0x0000000000014a68                rpc_at_init
 .text.sock_unref.isra.0
                0x0000000000014aa8       0x3c C:/ncs/v2.9.2/nrfxlib/nrf_modem/lib/cellular/nrf9120/soft-float/libmodem.a(sock.c.obj)
 .text.sock_init
                0x0000000000014ae4       0x3c C:/ncs/v2.9.2/nrfxlib/nrf_modem/lib/cellular/nrf9120/soft-float/libmodem.a(sock.c.obj)
                0x0000000000014ae4                sock_init
 .text.sock_open
                0x0000000000014b20       0x68 C:/ncs/v2.9.2/nrfxlib/nrf_modem/lib/cellular/nrf9120/soft-float/libmodem.a(sock.c.obj)
                0x0000000000014b20                sock_open
 .text.sock_find
                0x0000000000014b88       0x24 C:/ncs/v2.9.2/nrfxlib/nrf_modem/lib/cellular/nrf9120/soft-float/libmodem.a(sock.c.obj)
                0x0000000000014b88                sock_find
 .text._sock_close
                0x0000000000014bac       0x30 C:/ncs/v2.9.2/nrfxlib/nrf_modem/lib/cellular/nrf9120/soft-float/libmodem.a(sock.c.obj)
                0x0000000000014bac                _sock_close
 .text.sock_shutdown
                0x0000000000014bdc       0x28 C:/ncs/v2.9.2/nrfxlib/nrf_modem/lib/cellular/nrf9120/soft-float/libmodem.a(sock.c.obj)
                0x0000000000014bdc                sock_shutdown
 .text.sock_rpc_flow_control_set
                0x0000000000014c04       0x50 C:/ncs/v2.9.2/nrfxlib/nrf_modem/lib/cellular/nrf9120/soft-float/libmodem.a(sock.c.obj)
                0x0000000000014c04                sock_rpc_flow_control_set
 .text.sock_proto_is_valid
                0x0000000000014c54       0x30 C:/ncs/v2.9.2/nrfxlib/nrf_modem/lib/cellular/nrf9120/soft-float/libmodem.a(sock.c.obj)
                0x0000000000014c54                sock_proto_is_valid
 .text.on_getaddrinfo_res
                0x0000000000014c84       0x28 C:/ncs/v2.9.2/nrfxlib/nrf_modem/lib/cellular/nrf9120/soft-float/libmodem.a(dns.c.obj)
                0x0000000000014c84                on_getaddrinfo_res
 .text.addrinfo_init
                0x0000000000014cac       0x1c C:/ncs/v2.9.2/nrfxlib/nrf_modem/lib/cellular/nrf9120/soft-float/libmodem.a(dns.c.obj)
                0x0000000000014cac                addrinfo_init
 .text.nrf_getaddrinfo
                0x0000000000014cc8      0x29c C:/ncs/v2.9.2/nrfxlib/nrf_modem/lib/cellular/nrf9120/soft-float/libmodem.a(dns.c.obj)
                0x0000000000014cc8                nrf_getaddrinfo
 .text.rpc_ip_event_handler
                0x0000000000014f64      0x2d8 C:/ncs/v2.9.2/nrfxlib/nrf_modem/lib/cellular/nrf9120/soft-float/libmodem.a(ip.c.obj)
                0x0000000000014f64                rpc_ip_event_handler
 .text.nrf_close
                0x000000000001523c       0x68 C:/ncs/v2.9.2/nrfxlib/nrf_modem/lib/cellular/nrf9120/soft-float/libmodem.a(ip.c.obj)
                0x000000000001523c                nrf_close
 .text.nrf_setsockopt
                0x00000000000152a4      0x1b4 C:/ncs/v2.9.2/nrfxlib/nrf_modem/lib/cellular/nrf9120/soft-float/libmodem.a(ip.c.obj)
                0x00000000000152a4                nrf_setsockopt
 .text.nrf_getsockopt
                0x0000000000015458      0x1b8 C:/ncs/v2.9.2/nrfxlib/nrf_modem/lib/cellular/nrf9120/soft-float/libmodem.a(ip.c.obj)
                0x0000000000015458                nrf_getsockopt
 .text.rpc_ip_init
                0x0000000000015610       0x24 C:/ncs/v2.9.2/nrfxlib/nrf_modem/lib/cellular/nrf9120/soft-float/libmodem.a(ip.c.obj)
                0x0000000000015610                rpc_ip_init
 .text.on_tls_attach_res
                0x0000000000015634       0x30 C:/ncs/v2.9.2/nrfxlib/nrf_modem/lib/cellular/nrf9120/soft-float/libmodem.a(tls.c.obj)
                0x0000000000015634                on_tls_attach_res
 .text.on_tls_handshake_ntf
                0x0000000000015664       0x3c C:/ncs/v2.9.2/nrfxlib/nrf_modem/lib/cellular/nrf9120/soft-float/libmodem.a(tls.c.obj)
                0x0000000000015664                on_tls_handshake_ntf
 .text.tls_attach
                0x00000000000156a0      0x108 C:/ncs/v2.9.2/nrfxlib/nrf_modem/lib/cellular/nrf9120/soft-float/libmodem.a(tls.c.obj)
                0x00000000000156a0                tls_attach
 .text.nrf_af_to_rpc_af
                0x00000000000157a8       0x10 C:/ncs/v2.9.2/nrfxlib/nrf_modem/lib/cellular/nrf9120/soft-float/libmodem.a(tables.c.obj)
                0x00000000000157a8                nrf_af_to_rpc_af
 .text.nrf_so_to_rpc_so
                0x00000000000157b8       0x18 C:/ncs/v2.9.2/nrfxlib/nrf_modem/lib/cellular/nrf9120/soft-float/libmodem.a(tables.c.obj)
                0x00000000000157b8                nrf_so_to_rpc_so
 .text.rpc_error_to_nrf_errno
                0x00000000000157d0       0x18 C:/ncs/v2.9.2/nrfxlib/nrf_modem/lib/cellular/nrf9120/soft-float/libmodem.a(tables.c.obj)
                0x00000000000157d0                rpc_error_to_nrf_errno
 .text.nrf_rai_to_rpc_rai
                0x00000000000157e8       0x18 C:/ncs/v2.9.2/nrfxlib/nrf_modem/lib/cellular/nrf9120/soft-float/libmodem.a(tables.c.obj)
                0x00000000000157e8                nrf_rai_to_rpc_rai
 .text._req_forward
                0x0000000000015800       0x40 C:/ncs/v2.9.2/nrfxlib/nrf_modem/lib/cellular/nrf9120/soft-float/libmodem.a(reqres.c.obj)
                0x0000000000015800                _req_forward
 .text.rpc_gnss_event_handler
                0x0000000000015840      0x138 C:/ncs/v2.9.2/nrfxlib/nrf_modem/lib/cellular/nrf9120/soft-float/libmodem.a(nrf_modem_gnss.c.obj)
                0x0000000000015840                rpc_gnss_event_handler
 .text.rpc_gnss_init
                0x0000000000015978       0x44 C:/ncs/v2.9.2/nrfxlib/nrf_modem/lib/cellular/nrf9120/soft-float/libmodem.a(nrf_modem_gnss.c.obj)
                0x0000000000015978                rpc_gnss_init
 .text.rpc_gnss_deinit
                0x00000000000159bc       0x3c C:/ncs/v2.9.2/nrfxlib/nrf_modem/lib/cellular/nrf9120/soft-float/libmodem.a(nrf_modem_gnss.c.obj)
                0x00000000000159bc                rpc_gnss_deinit